[1/177] Building CXX object src/core/MapLibreCore/CMakeFiles/mbgl-core.dir/src/mbgl/util/mat2.cpp.o
[2/177] Building CXX object src/core/MapLibreCore/CMakeFiles/mbgl-core.dir/src/mbgl/util/mat3.cpp.o
[3/177] Building CXX object src/core/MapLibreCore/CMakeFiles/mbgl-core.dir/src/mbgl/util/mat4.cpp.o
[4/177] Building CXX object src/core/MapLibreCore/CMakeFiles/mbgl-core.dir/src/mbgl/util/premultiply.cpp.o
[5/177] Building CXX object src/core/MapLibreCore/CMakeFiles/mbgl-core.dir/src/mbgl/util/padding.cpp.o
[6/177] Building CXX object src/core/MapLibreCore/CMakeFiles/mbgl-core.dir/src/mbgl/util/quaternion.cpp.o
[7/177] Building CXX object src/core/MapLibreCore/CMakeFiles/mbgl-core.dir/src/mbgl/util/interpolate.cpp.o
[8/177] Building CXX object src/core/MapLibreCore/CMakeFiles/mbgl-core.dir/src/mbgl/util/rapidjson.cpp.o
[9/177] Building CXX object src/core/MapLibreCore/CMakeFiles/mbgl-core.dir/src/mbgl/util/stopwatch.cpp.o
[10/177] Building CXX object src/core/MapLibreCore/CMakeFiles/mbgl-core.dir/src/mbgl/util/string.cpp.o
[11/177] Building CXX object src/core/MapLibreCore/CMakeFiles/mbgl-core.dir/src/mbgl/util/string_indexer.cpp.o
[12/177] Building CXX object src/core/MapLibreCore/CMakeFiles/mbgl-core.dir/src/mbgl/util/thread.cpp.o
[13/177] Building CXX object src/core/MapLibreCore/CMakeFiles/mbgl-core.dir/src/mbgl/util/thread_pool.cpp.o
[14/177] Building CXX object src/core/MapLibreCore/CMakeFiles/mbgl-core.dir/src/mbgl/util/default_style.cpp.o
[15/177] Building CXX object src/core/MapLibreCore/CMakeFiles/mbgl-core.dir/src/mbgl/util/mapbox.cpp.o
[16/177] Building CXX object src/core/MapLibreCore/CMakeFiles/mbgl-core.dir/src/mbgl/util/tile_cover.cpp.o
[17/177] Building CXX object src/core/MapLibreCore/CMakeFiles/mbgl-core.dir/src/mbgl/util/tile_cover_impl.cpp.o
[18/177] Building CXX object src/core/MapLibreCore/CMakeFiles/mbgl-core.dir/src/mbgl/util/version.cpp.o
[19/177] Building CXX object src/core/MapLibreCore/CMakeFiles/mbgl-core.dir/src/mbgl/util/work_request.cpp.o
[20/177] Building CXX object src/core/MapLibreCore/CMakeFiles/mbgl-core.dir/src/mbgl/util/tiny_sdf.cpp.o
[21/177] Building CXX object src/core/MapLibreCore/CMakeFiles/mbgl-core.dir/src/mbgl/util/url.cpp.o
[22/177] Building CXX object src/core/MapLibreCore/CMakeFiles/mbgl-core.dir/src/mbgl/util/tile_server_options.cpp.o
[23/177] Building CXX object src/core/MapLibreCore/CMakeFiles/mbgl-core.dir/src/mbgl/plugin/plugin_layer_properties.cpp.o
[24/177] Building CXX object src/core/MapLibreCore/CMakeFiles/mbgl-core.dir/src/mbgl/plugin/plugin_layer.cpp.o
[25/177] Building CXX object src/core/MapLibreCore/CMakeFiles/mbgl-core.dir/src/mbgl/gl/attribute.cpp.o
[26/177] Building CXX object src/core/MapLibreCore/CMakeFiles/mbgl-core.dir/src/mbgl/plugin/plugin_layer_render.cpp.o
[27/177] Building CXX object src/core/MapLibreCore/CMakeFiles/mbgl-core.dir/src/mbgl/plugin/plugin_layer_impl.cpp.o
[28/177] Building CXX object src/core/MapLibreCore/CMakeFiles/mbgl-core.dir/src/mbgl/gl/fence.cpp.o
[29/177] Building CXX object src/core/MapLibreCore/CMakeFiles/mbgl-core.dir/src/mbgl/gl/debugging_extension.cpp.o
[30/177] Building CXX object src/core/MapLibreCore/CMakeFiles/mbgl-core.dir/src/mbgl/gl/enum.cpp.o
[31/177] Building CXX object src/core/MapLibreCore/CMakeFiles/mbgl-core.dir/src/mbgl/gl/command_encoder.cpp.o
[32/177] Building CXX object src/core/MapLibreCore/CMakeFiles/mbgl-core.dir/src/mbgl/plugin/plugin_layer_factory.cpp.o
[33/177] Building CXX object src/core/MapLibreCore/CMakeFiles/mbgl-core.dir/src/mbgl/gl/index_buffer_resource.cpp.o
[34/177] Building CXX object src/core/MapLibreCore/CMakeFiles/mbgl-core.dir/src/mbgl/gl/offscreen_texture.cpp.o
[35/177] Building CXX object src/core/MapLibreCore/CMakeFiles/mbgl-core.dir/src/mbgl/gl/object.cpp.o
[36/177] Building CXX object src/core/MapLibreCore/CMakeFiles/mbgl-core.dir/src/mbgl/gl/renderbuffer_resource.cpp.o
[37/177] Building CXX object src/core/MapLibreCore/CMakeFiles/mbgl-core.dir/src/mbgl/gl/render_pass.cpp.o
[38/177] Building CXX object src/core/MapLibreCore/CMakeFiles/mbgl-core.dir/src/mbgl/gl/timestamp_query_extension.cpp.o
[39/177] Building CXX object src/core/MapLibreCore/CMakeFiles/mbgl-core.dir/src/mbgl/gl/resource_pool.cpp.o
[40/177] Building CXX object src/core/MapLibreCore/CMakeFiles/mbgl-core.dir/src/mbgl/gl/uniform.cpp.o
[41/177] Building CXX object src/core/MapLibreCore/CMakeFiles/mbgl-core.dir/src/mbgl/gl/context.cpp.o
[42/177] Building CXX object src/core/MapLibreCore/CMakeFiles/mbgl-core.dir/src/mbgl/gl/vertex_array.cpp.o
[43/177] Building CXX object src/core/MapLibreCore/CMakeFiles/mbgl-core.dir/src/mbgl/gl/value.cpp.o
[44/177] Building CXX object src/core/MapLibreCore/CMakeFiles/mbgl-core.dir/src/mbgl/platform/gl_functions.cpp.o
[45/177] Building CXX object src/core/MapLibreCore/CMakeFiles/mbgl-core.dir/src/mbgl/gl/vertex_buffer_resource.cpp.o
[46/177] Building CXX object src/core/MapLibreCore/CMakeFiles/mbgl-core.dir/src/mbgl/gl/upload_pass.cpp.o
[47/177] Building CXX object src/core/MapLibreCore/CMakeFiles/mbgl-core.dir/src/mbgl/shaders/gl/shader_info.cpp.o
[48/177] Building CXX object src/core/MapLibreCore/CMakeFiles/mbgl-core.dir/src/mbgl/gl/renderer_backend.cpp.o
[49/177] Building CXX object src/core/MapLibreCore/CMakeFiles/mbgl-core.dir/src/mbgl/gl/buffer_allocator.cpp.o
[50/177] Building CXX object src/core/MapLibreCore/CMakeFiles/mbgl-core.dir/src/mbgl/shaders/gl/legacy/programs.cpp.o
[51/177] Building CXX object src/core/MapLibreCore/CMakeFiles/mbgl-core.dir/src/mbgl/gl/drawable_gl.cpp.o
[52/177] Building CXX object src/core/MapLibreCore/CMakeFiles/mbgl-core.dir/src/mbgl/shaders/gl/shader_program_gl.cpp.o
[53/177] Building CXX object src/core/MapLibreCore/CMakeFiles/mbgl-core.dir/src/mbgl/gl/drawable_gl_builder.cpp.o
[54/177] Building CXX object src/core/MapLibreCore/CMakeFiles/mbgl-core.dir/src/mbgl/gl/dynamic_texture.cpp.o
[55/177] Building CXX object src/core/MapLibreCore/CMakeFiles/mbgl-core.dir/src/mbgl/gl/texture2d.cpp.o
[56/177] Building CXX object src/core/MapLibreCore/CMakeFiles/mbgl-core.dir/src/mbgl/gl/uniform_buffer_gl.cpp.o
[57/177] Building CXX object src/core/MapLibreCore/CMakeFiles/mbgl-core.dir/src/mbgl/layermanager/custom_drawable_layer_factory.cpp.o
[58/177] Building CXX object src/core/MapLibreCore/CMakeFiles/mbgl-core.dir/src/mbgl/gl/layer_group_gl.cpp.o
[59/177] Building CXX object src/core/MapLibreCore/CMakeFiles/mbgl-core.dir/src/mbgl/gl/vertex_attribute_gl.cpp.o
[60/177] Building CXX object src/core/MapLibreCore/CMakeFiles/mbgl-core.dir/src/mbgl/renderer/layers/render_custom_drawable_layer.cpp.o
[61/177] Building CXX object src/core/MapLibreCore/CMakeFiles/mbgl-core.dir/src/mbgl/text/harfbuzz.cpp.o
[62/177] Building CXX object src/core/MapLibreCore/CMakeFiles/mbgl-core.dir/platform/default/src/mbgl/text/bidi.cpp.o
[63/177] Building CXX object src/core/MapLibreCore/CMakeFiles/mbgl-core.dir/src/mbgl/style/layers/custom_drawable_layer_impl.cpp.o
[64/177] Building CXX object src/core/MapLibreCore/CMakeFiles/mbgl-core.dir/platform/default/src/mbgl/gfx/headless_backend.cpp.o
[65/177] Building CXX object src/core/MapLibreCore/CMakeFiles/mbgl-core.dir/platform/default/src/mbgl/i18n/collator.cpp.o
[66/177] Building CXX object src/core/MapLibreCore/CMakeFiles/mbgl-core.dir/platform/default/src/mbgl/gl/headless_backend.cpp.o
[67/177] Building CXX object src/core/MapLibreCore/CMakeFiles/mbgl-core.dir/platform/default/src/mbgl/platform/time.cpp.o
[68/177] Building CXX object src/core/MapLibreCore/CMakeFiles/mbgl-core.dir/platform/default/src/mbgl/gfx/headless_frontend.cpp.o
[69/177] Building CXX object src/core/MapLibreCore/CMakeFiles/mbgl-core.dir/platform/default/src/mbgl/layermanager/layer_manager.cpp.o
[70/177] Building CXX object src/core/MapLibreCore/CMakeFiles/mbgl-core.dir/src/mbgl/style/layers/custom_drawable_layer.cpp.o
[71/177] Building CXX object src/core/MapLibreCore/CMakeFiles/mbgl-core.dir/platform/default/src/mbgl/storage/file_source_manager.cpp.o
[72/177] Building CXX object src/core/MapLibreCore/CMakeFiles/mbgl-core.dir/platform/default/src/mbgl/storage/file_source_request.cpp.o
[73/177] Building CXX object src/core/MapLibreCore/CMakeFiles/mbgl-core.dir/platform/default/src/mbgl/storage/asset_file_source.cpp.o
[74/177] Building CXX object src/core/MapLibreCore/CMakeFiles/mbgl-core.dir/platform/default/src/mbgl/storage/local_file_request.cpp.o
[75/177] Building CXX object src/core/MapLibreCore/CMakeFiles/mbgl-core.dir/platform/default/src/mbgl/storage/database_file_source.cpp.o
[76/177] Building CXX object src/core/MapLibreCore/CMakeFiles/mbgl-core.dir/platform/default/src/mbgl/storage/local_file_source.cpp.o
[77/177] Building CXX object src/core/MapLibreCore/CMakeFiles/mbgl-core.dir/platform/default/src/mbgl/storage/offline.cpp.o
[78/177] Building CXX object src/core/MapLibreCore/CMakeFiles/mbgl-core.dir/platform/default/src/mbgl/storage/main_resource_loader.cpp.o
[79/177] Building CXX object src/core/MapLibreCore/CMakeFiles/mbgl-core.dir/platform/default/src/mbgl/storage/mbtiles_file_source.cpp.o
[80/177] Building CXX object src/core/MapLibreCore/CMakeFiles/mbgl-core.dir/platform/default/src/mbgl/storage/offline_download.cpp.o
[81/177] Building CXX object src/core/MapLibreCore/CMakeFiles/mbgl-core.dir/platform/default/src/mbgl/storage/offline_database.cpp.o
[82/177] Building CXX object src/core/MapLibreCore/CMakeFiles/mbgl-core.dir/platform/default/src/mbgl/util/compression.cpp.o
[83/177] Building CXX object src/core/MapLibreCore/CMakeFiles/mbgl-core.dir/platform/default/src/mbgl/util/filesystem.cpp.o
[84/177] Building CXX object src/core/MapLibreCore/CMakeFiles/mbgl-core.dir/platform/default/src/mbgl/storage/online_file_source.cpp.o
[85/177] Building CXX object src/core/MapLibreCore/CMakeFiles/mbgl-core.dir/platform/default/src/mbgl/util/monotonic_timer.cpp.o
[86/177] Building CXX object src/core/MapLibreCore/CMakeFiles/mbgl-core.dir/platform/qt/src/mbgl/sqlite3.cpp.o
[87/177] Building CXX object src/core/MapLibreCore/CMakeFiles/mbgl-core.dir/platform/default/src/mbgl/storage/pmtiles_file_source.cpp.o
[88/177] Building CXX object src/core/MapLibreCore/CMakeFiles/mbgl-core.dir/platform/qt/src/mbgl/async_task.cpp.o
[89/177] Building CXX object src/core/MapLibreCore/CMakeFiles/mbgl-core.dir/platform/qt/src/mbgl/http_file_source.cpp.o
[90/177] Building CXX object src/core/MapLibreCore/CMakeFiles/mbgl-core.dir/platform/qt/src/mbgl/headless_backend_qt.cpp.o
[91/177] Building CXX object src/core/MapLibreCore/CMakeFiles/mbgl-core.dir/platform/qt/src/mbgl/http_request.cpp.o
[92/177] Building CXX object src/core/MapLibreCore/CMakeFiles/mbgl-core.dir/platform/qt/src/mbgl/gl_functions.cpp.o
[93/177] Building CXX object src/core/MapLibreCore/CMakeFiles/mbgl-core.dir/platform/qt/src/mbgl/image.cpp.o
[94/177] Building CXX object src/core/MapLibreCore/CMakeFiles/mbgl-core.dir/platform/qt/src/mbgl/number_format.cpp.o
[95/177] Building CXX object src/core/MapLibreCore/CMakeFiles/mbgl-core.dir/platform/qt/src/mbgl/string_stdlib.cpp.o
[96/177] Building CXX object src/core/MapLibreCore/CMakeFiles/mbgl-core.dir/platform/qt/src/mbgl/thread.cpp.o
[97/177] Building CXX object src/core/MapLibreCore/CMakeFiles/mbgl-core.dir/platform/qt/src/mbgl/thread_local.cpp.o
[98/177] Building CXX object src/core/MapLibreCore/CMakeFiles/mbgl-core.dir/platform/qt/src/mbgl/logging_qt.cpp.o
[99/177] Building CXX object src/core/MapLibreCore/CMakeFiles/mbgl-core.dir/platform/qt/src/mbgl/run_loop.cpp.o
[100/177] Building CXX object src/core/MapLibreCore/CMakeFiles/mbgl-core.dir/platform/qt/src/mbgl/local_glyph_rasterizer.cpp.o
[101/177] Building CXX object src/core/MapLibreCore/CMakeFiles/mbgl-core.dir/platform/qt/src/mbgl/utf.cpp.o
[102/177] Building CXX object src/core/MapLibreCore/CMakeFiles/mbgl-core.dir/platform/qt/src/mbgl/timer.cpp.o
[103/177] Automatic MOC for target MLNQtCore
[104/177] Running AUTOMOC file extraction for target MLNQtCore
[105/177] Running moc --collect-json for target MLNQtCore
[106/177] Building CXX object src/core/CMakeFiles/MLNQtCore.dir/map_renderer.cpp.o
[107/177] Building CXX object src/core/CMakeFiles/MLNQtCore.dir/map_observer.cpp.o
[108/177] Building CXX object src/core/CMakeFiles/MLNQtCore.dir/scheduler.cpp.o
[109/177] Building CXX object src/core/CMakeFiles/MLNQtCore.dir/geojson.cpp.o
[110/177] Building CXX object src/core/CMakeFiles/MLNQtCore.dir/MLNQtCore_autogen/mocs_compilation.cpp.o
[111/177] Building CXX object src/core/CMakeFiles/MLNQtCore.dir/types.cpp.o
[112/177] Building CXX object src/core/CMakeFiles/MLNQtCore.dir/settings.cpp.o
[113/177] Building CXX object src/core/CMakeFiles/MLNQtCore.dir/utils.cpp.o
[114/177] Building CXX object src/core/CMakeFiles/MLNQtCore.dir/rendering/opengl_renderer_backend.cpp.o
[115/177] Building CXX object src/core/CMakeFiles/MLNQtCore.dir/style/style_parameter.cpp.o
[116/177] Building CXX object src/core/CMakeFiles/MLNQtCore.dir/style/filter_parameter.cpp.o
[117/177] Building CXX object src/core/CMakeFiles/MLNQtCore.dir/map.cpp.o
[118/177] Building CXX object src/core/CMakeFiles/MLNQtCore.dir/style/image_parameter.cpp.o
[119/177] Building CXX object src/core/CMakeFiles/MLNQtCore.dir/style/layer_parameter.cpp.o
[120/177] Building CXX object src/core/CMakeFiles/MLNQtCore.dir/style/source_parameter.cpp.o
[121/177] Building CXX object src/core/CMakeFiles/MLNQtCore.dir/style/style_change_utils.cpp.o
[122/177] Building CXX object src/core/CMakeFiles/MLNQtCore.dir/style/style_change.cpp.o
[123/177] Building CXX object src/core/CMakeFiles/MLNQtCore.dir/style/image_style_change.cpp.o
[124/177] Building CXX object src/core/CMakeFiles/MLNQtCore.dir/style/layer_style_change.cpp.o
[125/177] Building CXX object src/core/CMakeFiles/MLNQtCore.dir/style/source_style_change.cpp.o
[126/177] Linking CXX shared library src/core/libQMapLibre.so.4.0.0
[127/177] Creating library symlink src/core/libQMapLibre.so.4 src/core/libQMapLibre.so
[128/177] Automatic MOC for target MLNQtQuickPrivate
[129/177] Running AUTOMOC file extraction for target MLNQtQuickPrivate
[130/177] Running moc --collect-json for target MLNQtQuickPrivate
[131/177] Building CXX object src/quick/CMakeFiles/MLNQtQuickPrivate.dir/MLNQtQuickPrivate_autogen/mocs_compilation.cpp.o
[132/177] Building CXX object src/quick/CMakeFiles/MLNQtQuickPrivate.dir/texture_node_opengl.cpp.o
[133/177] Building CXX object src/quick/CMakeFiles/MLNQtQuickPrivate.dir/texture_node_base.cpp.o
[134/177] Linking CXX shared library src/quick/libQMapLibreQuickPrivate.so.4.0.0
[135/177] Creating library symlink src/quick/libQMapLibreQuickPrivate.so.4 src/quick/libQMapLibreQuickPrivate.so
[136/177] Automatic MOC for target MLNQtLocation
[137/177] Running AUTOMOC file extraction for target MLNQtLocation
[138/177] Running moc --collect-json for target MLNQtLocation
[139/177] Automatic MOC for target declarative_maplibre
[140/177] Building CXX object src/location/CMakeFiles/MLNQtLocation.dir/MLNQtLocation_autogen/mocs_compilation.cpp.o
[141/177] Running AUTOMOC file extraction for target declarative_maplibre
[142/177] Running moc --collect-json for target declarative_maplibre
[143/177] Automatic QML type registration for target declarative_maplibre
[144/177] Building CXX object src/location/CMakeFiles/MLNQtLocation.dir/qt_mapping_engine.cpp.o
[145/177] Building CXX object src/location/CMakeFiles/MLNQtLocation.dir/style_change_utils.cpp.o
[146/177] Building CXX object src/quick/plugins/CMakeFiles/declarative_maplibre.dir/declarative_maplibre_autogen/mocs_compilation.cpp.o
[147/177] Building CXX object src/quick/plugins/CMakeFiles/declarative_maplibre.dir/declarative_maplibre_MapLibreQmlModule.cpp.o
[148/177] Building CXX object src/location/CMakeFiles/MLNQtLocation.dir/qgeomap.cpp.o
[149/177] Building CXX object src/quick/plugins/CMakeFiles/declarative_maplibre.dir/declarative_maplibre_qmltyperegistrations.cpp.o
[150/177] Linking CXX shared library src/location/libQMapLibreLocation.so.4.0.0
[151/177] Creating library symlink src/location/libQMapLibreLocation.so.4 src/location/libQMapLibreLocation.so
[152/177] Automatic MOC for target declarative_maplibre_locationplugin
[153/177] Building CXX object src/quick/plugins/CMakeFiles/declarative_maplibre.dir/map_quick_item.cpp.o
[154/177] Running AUTOMOC file extraction for target declarative_maplibre_locationplugin
[155/177] Running moc --collect-json for target declarative_maplibre_locationplugin
[156/177] Automatic QML type registration for target declarative_maplibre_locationplugin
[157/177] Automatic MOC for target qtgeoservices_maplibre
[158/177] Running AUTOMOC file extraction for target qtgeoservices_maplibre
[159/177] Running moc --collect-json for target qtgeoservices_maplibre
[160/177] Building CXX object src/quick/plugins/CMakeFiles/declarative_maplibre.dir/map_quick_style.cpp.o
[161/177] Building CXX object src/quick/plugins/CMakeFiles/declarative_maplibre.dir/__/common/declarative_filter_parameter.cpp.o
[162/177] Building CXX object src/quick/plugins/CMakeFiles/declarative_maplibre.dir/__/common/declarative_image_parameter.cpp.o
[163/177] Building CXX object src/quick/plugins/CMakeFiles/declarative_maplibre.dir/__/common/declarative_layer_parameter.cpp.o
[164/177] Building CXX object src/quick/plugins/CMakeFiles/declarative_maplibre.dir/__/common/declarative_source_parameter.cpp.o
[165/177] Building CXX object src/location/plugins/CMakeFiles/qtgeoservices_maplibre.dir/qtgeoservices_maplibre_autogen/mocs_compilation.cpp.o
[166/177] Building CXX object src/location/plugins/CMakeFiles/declarative_maplibre_locationplugin.dir/declarative_maplibre_locationplugin_MapLibreQmlLocationModule.cpp.o
[167/177] Building CXX object src/location/plugins/CMakeFiles/qtgeoservices_maplibre.dir/qgeoserviceproviderplugin.cpp.o
[168/177] Building CXX object src/location/plugins/CMakeFiles/declarative_maplibre_locationplugin.dir/__/__/quick/common/declarative_filter_parameter.cpp.o
[169/177] Building CXX object src/location/plugins/CMakeFiles/declarative_maplibre_locationplugin.dir/__/__/quick/common/declarative_image_parameter.cpp.o
[170/177] Building CXX object src/location/plugins/CMakeFiles/declarative_maplibre_locationplugin.dir/declarative_style.cpp.o
[171/177] Building CXX object src/location/plugins/CMakeFiles/declarative_maplibre_locationplugin.dir/declarative_maplibre_locationplugin_autogen/mocs_compilation.cpp.o
[172/177] Linking CXX shared module src/quick/plugins/MapLibre/libdeclarative_maplibre.so
[173/177] Linking CXX shared module src/location/plugins/geoservices/libqtgeoservices_maplibre.so
[174/177] Building CXX object src/location/plugins/CMakeFiles/declarative_maplibre_locationplugin.dir/declarative_maplibre_locationplugin_qmltyperegistrations.cpp.o
[175/177] Building CXX object src/location/plugins/CMakeFiles/declarative_maplibre_locationplugin.dir/__/__/quick/common/declarative_layer_parameter.cpp.o
[176/177] Building CXX object src/location/plugins/CMakeFiles/declarative_maplibre_locationplugin.dir/__/__/quick/common/declarative_source_parameter.cpp.o
[177/177] Linking CXX shared module src/location/plugins/MapLibre/Location/libdeclarative_maplibre_locationplugin.so
M10_BUILD_RESOURCE {"command": ["cmake", "--build", "/workspace/shared/m10-maplibre/build-current", "--parallel", "4", "--target", "qtgeoservices_maplibre", "declarative_maplibre_locationplugin", "declarative_maplibre"], "exitCode": 0, "wallSeconds": 145.4675141619955, "userSeconds": 493.71759, "systemSeconds": 62.419467, "peakChildRssKiB": 905176}
