[1/438] Building CXX object src/core/MapLibreCore/CMakeFiles/mbgl-core.dir/src/mbgl/layermanager/background_layer_factory.cpp.o
[2/438] Building CXX object src/core/MapLibreCore/CMakeFiles/mbgl-core.dir/src/mbgl/layermanager/fill_extrusion_layer_factory.cpp.o
[3/438] Building CXX object src/core/MapLibreCore/CMakeFiles/mbgl-core.dir/src/mbgl/layermanager/circle_layer_factory.cpp.o
[4/438] Building CXX object src/core/MapLibreCore/CMakeFiles/mbgl-core.dir/src/mbgl/layermanager/heatmap_layer_factory.cpp.o
[5/438] Building CXX object src/core/MapLibreCore/CMakeFiles/mbgl-core.dir/src/mbgl/layermanager/fill_layer_factory.cpp.o
[6/438] Building CXX object src/core/MapLibreCore/CMakeFiles/mbgl-core.dir/src/mbgl/layermanager/hillshade_layer_factory.cpp.o
[7/438] Building CXX object src/core/MapLibreCore/CMakeFiles/mbgl-core.dir/src/mbgl/layermanager/layer_factory.cpp.o
[8/438] Building CXX object src/core/MapLibreCore/CMakeFiles/mbgl-core.dir/src/mbgl/layermanager/color_relief_layer_factory.cpp.o
[9/438] Building CXX object src/core/MapLibreCore/CMakeFiles/mbgl-core.dir/src/mbgl/layermanager/layer_manager.cpp.o
[10/438] Building CXX object src/core/MapLibreCore/CMakeFiles/mbgl-core.dir/src/mbgl/layermanager/symbol_layer_factory.cpp.o
[11/438] Building CXX object src/core/MapLibreCore/CMakeFiles/mbgl-core.dir/src/mbgl/layermanager/raster_layer_factory.cpp.o
[12/438] Building CXX object src/core/MapLibreCore/CMakeFiles/mbgl-core.dir/src/mbgl/layermanager/location_indicator_layer_factory.cpp.o
[13/438] Building CXX object src/core/MapLibreCore/CMakeFiles/mbgl-core.dir/src/mbgl/layermanager/line_layer_factory.cpp.o
[14/438] Building CXX object src/core/MapLibreCore/CMakeFiles/mbgl-core.dir/src/mbgl/style/layers/location_indicator_layer_impl.cpp.o
[15/438] Building CXX object src/core/MapLibreCore/CMakeFiles/mbgl-core.dir/src/mbgl/layout/clip_lines.cpp.o
[16/438] Building CXX object src/core/MapLibreCore/CMakeFiles/mbgl-core.dir/src/mbgl/style/layers/location_indicator_layer.cpp.o
[17/438] Building CXX object src/core/MapLibreCore/CMakeFiles/mbgl-core.dir/src/mbgl/style/layers/location_indicator_layer_properties.cpp.o
[18/438] Building CXX object src/core/MapLibreCore/CMakeFiles/mbgl-core.dir/src/mbgl/layout/merge_lines.cpp.o
[19/438] Building CXX object src/core/MapLibreCore/CMakeFiles/mbgl-core.dir/src/mbgl/renderer/layers/render_location_indicator_layer.cpp.o
[20/438] Building CXX object src/core/MapLibreCore/CMakeFiles/mbgl-core.dir/src/mbgl/layout/symbol_instance.cpp.o
[21/438] Building CXX object src/core/MapLibreCore/CMakeFiles/mbgl-core.dir/src/mbgl/layout/symbol_projection.cpp.o
[22/438] Building CXX object src/core/MapLibreCore/CMakeFiles/mbgl-core.dir/src/mbgl/map/map_options.cpp.o
[23/438] Building CXX object src/core/MapLibreCore/CMakeFiles/mbgl-core.dir/src/mbgl/map/map.cpp.o
[24/438] Building CXX object src/core/MapLibreCore/CMakeFiles/mbgl-core.dir/src/mbgl/layout/symbol_layout.cpp.o
[25/438] Building CXX object src/core/MapLibreCore/CMakeFiles/mbgl-core.dir/src/mbgl/map/map_impl.cpp.o
[26/438] Building CXX object src/core/MapLibreCore/CMakeFiles/mbgl-core.dir/src/mbgl/math/log2.cpp.o
[27/438] Building CXX object src/core/MapLibreCore/CMakeFiles/mbgl-core.dir/src/mbgl/map/transform.cpp.o
[28/438] Building CXX object src/core/MapLibreCore/CMakeFiles/mbgl-core.dir/src/mbgl/renderer/backend_scope.cpp.o
[29/438] Building CXX object src/core/MapLibreCore/CMakeFiles/mbgl-core.dir/src/mbgl/platform/settings.cpp.o
[30/438] Building CXX object src/core/MapLibreCore/CMakeFiles/mbgl-core.dir/src/mbgl/map/map_projection.cpp.o
[31/438] Building CXX object src/core/MapLibreCore/CMakeFiles/mbgl-core.dir/src/mbgl/map/transform_state.cpp.o
[32/438] Building CXX object src/core/MapLibreCore/CMakeFiles/mbgl-core.dir/src/mbgl/renderer/bucket_parameters.cpp.o
[33/438] Building CXX object src/core/MapLibreCore/CMakeFiles/mbgl-core.dir/src/mbgl/renderer/buckets/debug_bucket.cpp.o
[34/438] Building CXX object src/core/MapLibreCore/CMakeFiles/mbgl-core.dir/src/mbgl/renderer/buckets/circle_bucket.cpp.o
[35/438] Building CXX object src/core/MapLibreCore/CMakeFiles/mbgl-core.dir/src/mbgl/renderer/buckets/fill_bucket.cpp.o
[36/438] Building CXX object src/core/MapLibreCore/CMakeFiles/mbgl-core.dir/src/mbgl/renderer/buckets/fill_extrusion_bucket.cpp.o
[37/438] Building CXX object src/core/MapLibreCore/CMakeFiles/mbgl-core.dir/src/mbgl/renderer/buckets/heatmap_bucket.cpp.o
[38/438] Building CXX object src/core/MapLibreCore/CMakeFiles/mbgl-core.dir/src/mbgl/renderer/buckets/hillshade_bucket.cpp.o
[39/438] Building CXX object src/core/MapLibreCore/CMakeFiles/mbgl-core.dir/src/mbgl/renderer/cross_faded_property_evaluator.cpp.o
[40/438] Building CXX object src/core/MapLibreCore/CMakeFiles/mbgl-core.dir/src/mbgl/renderer/buckets/raster_bucket.cpp.o
[41/438] Building CXX object src/core/MapLibreCore/CMakeFiles/mbgl-core.dir/src/mbgl/renderer/group_by_layout.cpp.o
[42/438] Building CXX object src/core/MapLibreCore/CMakeFiles/mbgl-core.dir/src/mbgl/renderer/buckets/symbol_bucket.cpp.o
[43/438] Building CXX object src/core/MapLibreCore/CMakeFiles/mbgl-core.dir/src/mbgl/renderer/buckets/line_bucket.cpp.o
[44/438] Building CXX object src/core/MapLibreCore/CMakeFiles/mbgl-core.dir/src/mbgl/renderer/image_manager.cpp.o
[45/438] Building CXX object src/core/MapLibreCore/CMakeFiles/mbgl-core.dir/src/mbgl/renderer/layers/render_background_layer.cpp.o
[46/438] Building CXX object src/core/MapLibreCore/CMakeFiles/mbgl-core.dir/src/mbgl/renderer/layers/render_circle_layer.cpp.o
[47/438] Building CXX object src/core/MapLibreCore/CMakeFiles/mbgl-core.dir/src/mbgl/renderer/layers/render_fill_extrusion_layer.cpp.o
[48/438] Building CXX object src/core/MapLibreCore/CMakeFiles/mbgl-core.dir/src/mbgl/renderer/layers/render_fill_layer.cpp.o
[49/438] Building CXX object src/core/MapLibreCore/CMakeFiles/mbgl-core.dir/src/mbgl/renderer/layers/color_relief_layer_tweaker.cpp.o
[50/438] Building CXX object src/core/MapLibreCore/CMakeFiles/mbgl-core.dir/src/mbgl/renderer/layers/render_heatmap_layer.cpp.o
[51/438] Building CXX object src/core/MapLibreCore/CMakeFiles/mbgl-core.dir/src/mbgl/renderer/layers/render_hillshade_layer.cpp.o
[52/438] Building CXX object src/core/MapLibreCore/CMakeFiles/mbgl-core.dir/src/mbgl/renderer/layers/render_color_relief_layer.cpp.o
[53/438] Building CXX object src/core/MapLibreCore/CMakeFiles/mbgl-core.dir/src/mbgl/renderer/layers/render_raster_layer.cpp.o
[54/438] Building CXX object src/core/MapLibreCore/CMakeFiles/mbgl-core.dir/src/mbgl/renderer/paint_parameters.cpp.o
[55/438] Building CXX object src/core/MapLibreCore/CMakeFiles/mbgl-core.dir/src/mbgl/renderer/pattern_atlas.cpp.o
[56/438] Building CXX object src/core/MapLibreCore/CMakeFiles/mbgl-core.dir/src/mbgl/renderer/layers/render_line_layer.cpp.o
[57/438] Building CXX object src/core/MapLibreCore/CMakeFiles/mbgl-core.dir/src/mbgl/renderer/layers/render_symbol_layer.cpp.o
[58/438] Building CXX object src/core/MapLibreCore/CMakeFiles/mbgl-core.dir/src/mbgl/renderer/render_layer.cpp.o
[59/438] Building CXX object src/core/MapLibreCore/CMakeFiles/mbgl-core.dir/src/mbgl/renderer/render_source.cpp.o
[60/438] Building CXX object src/core/MapLibreCore/CMakeFiles/mbgl-core.dir/src/mbgl/renderer/render_light.cpp.o
[61/438] Building CXX object src/core/MapLibreCore/CMakeFiles/mbgl-core.dir/src/mbgl/renderer/render_static_data.cpp.o
[62/438] Building CXX object src/core/MapLibreCore/CMakeFiles/mbgl-core.dir/src/mbgl/renderer/render_tile.cpp.o
[63/438] Building CXX object src/core/MapLibreCore/CMakeFiles/mbgl-core.dir/src/mbgl/renderer/renderer_impl.cpp.o
[64/438] Building CXX object src/core/MapLibreCore/CMakeFiles/mbgl-core.dir/src/mbgl/renderer/renderer_state.cpp.o
[65/438] Building CXX object src/core/MapLibreCore/CMakeFiles/mbgl-core.dir/src/mbgl/renderer/render_orchestrator.cpp.o
[66/438] Building CXX object src/core/MapLibreCore/CMakeFiles/mbgl-core.dir/src/mbgl/renderer/renderer.cpp.o
[67/438] Building CXX object src/core/MapLibreCore/CMakeFiles/mbgl-core.dir/src/mbgl/renderer/sources/render_custom_geometry_source.cpp.o
[68/438] Building CXX object src/core/MapLibreCore/CMakeFiles/mbgl-core.dir/src/mbgl/renderer/sources/render_geojson_source.cpp.o
[69/438] Building CXX object src/core/MapLibreCore/CMakeFiles/mbgl-core.dir/src/mbgl/renderer/sources/render_raster_dem_source.cpp.o
[70/438] Building CXX object src/core/MapLibreCore/CMakeFiles/mbgl-core.dir/src/mbgl/renderer/sources/render_image_source.cpp.o
[71/438] Building CXX object src/core/MapLibreCore/CMakeFiles/mbgl-core.dir/src/mbgl/renderer/sources/render_raster_source.cpp.o
[72/438] Building CXX object src/core/MapLibreCore/CMakeFiles/mbgl-core.dir/src/mbgl/renderer/source_state.cpp.o
[73/438] Building CXX object src/core/MapLibreCore/CMakeFiles/mbgl-core.dir/src/mbgl/renderer/sources/render_vector_source.cpp.o
[74/438] Building CXX object src/core/MapLibreCore/CMakeFiles/mbgl-core.dir/src/mbgl/renderer/style_diff.cpp.o
[75/438] Building CXX object src/core/MapLibreCore/CMakeFiles/mbgl-core.dir/src/mbgl/shaders/shader_source.cpp.o
[76/438] Building CXX object src/core/MapLibreCore/CMakeFiles/mbgl-core.dir/src/mbgl/renderer/sources/render_tile_source.cpp.o
[77/438] Building CXX object src/core/MapLibreCore/CMakeFiles/mbgl-core.dir/src/mbgl/renderer/tile_render_data.cpp.o
[78/438] Building CXX object src/core/MapLibreCore/CMakeFiles/mbgl-core.dir/src/mbgl/shaders/program_parameters.cpp.o
[79/438] Building CXX object src/core/MapLibreCore/CMakeFiles/mbgl-core.dir/src/mbgl/renderer/tile_pyramid.cpp.o
[80/438] Building CXX object src/core/MapLibreCore/CMakeFiles/mbgl-core.dir/src/mbgl/storage/network_status.cpp.o
[81/438] Building CXX object src/core/MapLibreCore/CMakeFiles/mbgl-core.dir/src/mbgl/sprite/sprite_parser.cpp.o
[82/438] Building CXX object src/core/MapLibreCore/CMakeFiles/mbgl-core.dir/src/mbgl/storage/file_source_manager.cpp.o
[83/438] Building CXX object src/core/MapLibreCore/CMakeFiles/mbgl-core.dir/src/mbgl/sprite/sprite_loader.cpp.o
[84/438] Building CXX object src/core/MapLibreCore/CMakeFiles/mbgl-core.dir/src/mbgl/storage/resource_options.cpp.o
[85/438] Building CXX object src/core/MapLibreCore/CMakeFiles/mbgl-core.dir/src/mbgl/storage/resource.cpp.o
[86/438] Building CXX object src/core/MapLibreCore/CMakeFiles/mbgl-core.dir/src/mbgl/storage/response.cpp.o
[87/438] Building CXX object src/core/MapLibreCore/CMakeFiles/mbgl-core.dir/src/mbgl/storage/resource_transform.cpp.o
[88/438] Building CXX object src/core/MapLibreCore/CMakeFiles/mbgl-core.dir/src/mbgl/style/conversion/color_ramp_property_value.cpp.o
[89/438] Building CXX object src/core/MapLibreCore/CMakeFiles/mbgl-core.dir/src/mbgl/style/conversion/sprite.cpp.o
[90/438] Building CXX object src/core/MapLibreCore/CMakeFiles/mbgl-core.dir/src/mbgl/style/conversion/coordinate.cpp.o
[91/438] Building CXX object src/core/MapLibreCore/CMakeFiles/mbgl-core.dir/src/mbgl/style/conversion/custom_geometry_source_options.cpp.o
[92/438] Building CXX object src/core/MapLibreCore/CMakeFiles/mbgl-core.dir/src/mbgl/style/conversion/constant.cpp.o
[93/438] Building CXX object src/core/MapLibreCore/CMakeFiles/mbgl-core.dir/src/mbgl/style/conversion/geojson_options.cpp.o
[94/438] Building CXX object src/core/MapLibreCore/CMakeFiles/mbgl-core.dir/src/mbgl/style/conversion/filter.cpp.o
[95/438] Building CXX object src/core/MapLibreCore/CMakeFiles/mbgl-core.dir/src/mbgl/style/conversion/geojson.cpp.o
[96/438] Building CXX object src/core/MapLibreCore/CMakeFiles/mbgl-core.dir/src/mbgl/style/conversion/get_json_type.cpp.o
[97/438] Building CXX object src/core/MapLibreCore/CMakeFiles/mbgl-core.dir/src/mbgl/style/conversion/light.cpp.o
[98/438] Building CXX object src/core/MapLibreCore/CMakeFiles/mbgl-core.dir/src/mbgl/style/conversion/layer.cpp.o
[99/438] Building CXX object src/core/MapLibreCore/CMakeFiles/mbgl-core.dir/src/mbgl/style/conversion/function.cpp.o
[100/438] Building CXX object src/core/MapLibreCore/CMakeFiles/mbgl-core.dir/src/mbgl/style/conversion/position.cpp.o
[101/438] Building CXX object src/core/MapLibreCore/CMakeFiles/mbgl-core.dir/src/mbgl/style/conversion/hillshade_conversions.cpp.o
[102/438] Building CXX object src/core/MapLibreCore/CMakeFiles/mbgl-core.dir/src/mbgl/style/conversion/rotation.cpp.o
[103/438] Building CXX object src/core/MapLibreCore/CMakeFiles/mbgl-core.dir/src/mbgl/style/conversion/source.cpp.o
[104/438] Building CXX object src/core/MapLibreCore/CMakeFiles/mbgl-core.dir/src/mbgl/style/conversion/source_options.cpp.o
[105/438] Building CXX object src/core/MapLibreCore/CMakeFiles/mbgl-core.dir/src/mbgl/style/conversion/property_value.cpp.o
[106/438] Building CXX object src/core/MapLibreCore/CMakeFiles/mbgl-core.dir/src/mbgl/style/conversion/transition_options.cpp.o
[107/438] Building CXX object src/core/MapLibreCore/CMakeFiles/mbgl-core.dir/src/mbgl/style/conversion/tileset.cpp.o
[108/438] Building CXX object src/core/MapLibreCore/CMakeFiles/mbgl-core.dir/src/mbgl/style/expression/boolean_operator.cpp.o
[109/438] Building CXX object src/core/MapLibreCore/CMakeFiles/mbgl-core.dir/src/mbgl/style/expression/at.cpp.o
[110/438] Building CXX object src/core/MapLibreCore/CMakeFiles/mbgl-core.dir/src/mbgl/style/expression/assertion.cpp.o
[111/438] Building CXX object src/core/MapLibreCore/CMakeFiles/mbgl-core.dir/src/mbgl/style/expression/check_subtype.cpp.o
[112/438] Building CXX object src/core/MapLibreCore/CMakeFiles/mbgl-core.dir/src/mbgl/style/custom_tile_loader.cpp.o
[113/438] Building CXX object src/core/MapLibreCore/CMakeFiles/mbgl-core.dir/src/mbgl/style/expression/collator.cpp.o
[114/438] Building CXX object src/core/MapLibreCore/CMakeFiles/mbgl-core.dir/src/mbgl/style/expression/coalesce.cpp.o
[115/438] Building CXX object src/core/MapLibreCore/CMakeFiles/mbgl-core.dir/src/mbgl/style/expression/case.cpp.o
[116/438] Building CXX object src/core/MapLibreCore/CMakeFiles/mbgl-core.dir/src/mbgl/style/expression/collator_expression.cpp.o
