[1/322] Building CXX object src/core/MapLibreCore/CMakeFiles/mbgl-core.dir/src/mbgl/style/expression/comparison.cpp.o
[2/322] Building CXX object src/core/MapLibreCore/CMakeFiles/mbgl-core.dir/src/mbgl/style/expression/distance.cpp.o
[3/322] Building CXX object src/core/MapLibreCore/CMakeFiles/mbgl-core.dir/src/mbgl/style/expression/coercion.cpp.o
[4/322] Building CXX object src/core/MapLibreCore/CMakeFiles/mbgl-core.dir/src/mbgl/style/expression/expression.cpp.o
[5/322] Building CXX object src/core/MapLibreCore/CMakeFiles/mbgl-core.dir/src/mbgl/style/expression/find_zoom_curve.cpp.o
[6/322] Building CXX object src/core/MapLibreCore/CMakeFiles/mbgl-core.dir/src/mbgl/style/expression/compound_expression.cpp.o
[7/322] Building CXX object src/core/MapLibreCore/CMakeFiles/mbgl-core.dir/src/mbgl/style/expression/dsl.cpp.o
[8/322] Building CXX object src/core/MapLibreCore/CMakeFiles/mbgl-core.dir/src/mbgl/style/expression/get_covering_stops.cpp.o
[9/322] Building CXX object src/core/MapLibreCore/CMakeFiles/mbgl-core.dir/src/mbgl/style/expression/formatted.cpp.o
[10/322] Building CXX object src/core/MapLibreCore/CMakeFiles/mbgl-core.dir/src/mbgl/style/expression/image.cpp.o
[11/322] Building CXX object src/core/MapLibreCore/CMakeFiles/mbgl-core.dir/src/mbgl/style/expression/format_expression.cpp.o
[12/322] Building CXX object src/core/MapLibreCore/CMakeFiles/mbgl-core.dir/src/mbgl/style/expression/image_expression.cpp.o
[13/322] Building CXX object src/core/MapLibreCore/CMakeFiles/mbgl-core.dir/src/mbgl/style/expression/is_constant.cpp.o
[14/322] Building CXX object src/core/MapLibreCore/CMakeFiles/mbgl-core.dir/src/mbgl/style/expression/in.cpp.o
[15/322] Building CXX object src/core/MapLibreCore/CMakeFiles/mbgl-core.dir/src/mbgl/style/expression/index_of.cpp.o
[16/322] Building CXX object src/core/MapLibreCore/CMakeFiles/mbgl-core.dir/src/mbgl/style/expression/is_expression.cpp.o
[17/322] Building CXX object src/core/MapLibreCore/CMakeFiles/mbgl-core.dir/src/mbgl/style/expression/interpolate.cpp.o
[18/322] Building CXX object src/core/MapLibreCore/CMakeFiles/mbgl-core.dir/src/mbgl/style/expression/length.cpp.o
[19/322] Building CXX object src/core/MapLibreCore/CMakeFiles/mbgl-core.dir/src/mbgl/style/expression/literal.cpp.o
[20/322] Building CXX object src/core/MapLibreCore/CMakeFiles/mbgl-core.dir/src/mbgl/style/expression/let.cpp.o
[21/322] Building CXX object src/core/MapLibreCore/CMakeFiles/mbgl-core.dir/src/mbgl/style/expression/match.cpp.o
[22/322] Building CXX object src/core/MapLibreCore/CMakeFiles/mbgl-core.dir/src/mbgl/style/expression/slice.cpp.o
[23/322] Building CXX object src/core/MapLibreCore/CMakeFiles/mbgl-core.dir/src/mbgl/style/expression/number_format.cpp.o
[24/322] Building CXX object src/core/MapLibreCore/CMakeFiles/mbgl-core.dir/src/mbgl/style/expression/util.cpp.o
[25/322] Building CXX object src/core/MapLibreCore/CMakeFiles/mbgl-core.dir/src/mbgl/style/expression/parsing_context.cpp.o
[26/322] Building CXX object src/core/MapLibreCore/CMakeFiles/mbgl-core.dir/src/mbgl/style/expression/step.cpp.o
[27/322] Building CXX object src/core/MapLibreCore/CMakeFiles/mbgl-core.dir/src/mbgl/style/image.cpp.o
[28/322] Building CXX object src/core/MapLibreCore/CMakeFiles/mbgl-core.dir/src/mbgl/style/sprite.cpp.o
[29/322] Building CXX object src/core/MapLibreCore/CMakeFiles/mbgl-core.dir/src/mbgl/style/image_impl.cpp.o
[30/322] Building CXX object src/core/MapLibreCore/CMakeFiles/mbgl-core.dir/src/mbgl/style/filter.cpp.o
[31/322] Building CXX object src/core/MapLibreCore/CMakeFiles/mbgl-core.dir/src/mbgl/style/expression/value.cpp.o
[32/322] Building CXX object src/core/MapLibreCore/CMakeFiles/mbgl-core.dir/src/mbgl/style/expression/within.cpp.o
[33/322] Building CXX object src/core/MapLibreCore/CMakeFiles/mbgl-core.dir/src/mbgl/style/layer_impl.cpp.o
[34/322] Building CXX object src/core/MapLibreCore/CMakeFiles/mbgl-core.dir/src/mbgl/style/layers/background_layer_impl.cpp.o
[35/322] Building CXX object src/core/MapLibreCore/CMakeFiles/mbgl-core.dir/src/mbgl/style/layers/background_layer.cpp.o
[36/322] Building CXX object src/core/MapLibreCore/CMakeFiles/mbgl-core.dir/src/mbgl/style/layer.cpp.o
[37/322] Building CXX object src/core/MapLibreCore/CMakeFiles/mbgl-core.dir/src/mbgl/style/layers/background_layer_properties.cpp.o
[38/322] Building CXX object src/core/MapLibreCore/CMakeFiles/mbgl-core.dir/src/mbgl/style/layers/circle_layer_impl.cpp.o
[39/322] Building CXX object src/core/MapLibreCore/CMakeFiles/mbgl-core.dir/src/mbgl/style/layers/circle_layer_properties.cpp.o
[40/322] Building CXX object src/core/MapLibreCore/CMakeFiles/mbgl-core.dir/src/mbgl/style/layers/fill_extrusion_layer_impl.cpp.o
[41/322] Building CXX object src/core/MapLibreCore/CMakeFiles/mbgl-core.dir/src/mbgl/style/layers/fill_extrusion_layer.cpp.o
[42/322] Building CXX object src/core/MapLibreCore/CMakeFiles/mbgl-core.dir/src/mbgl/style/layers/circle_layer.cpp.o
[43/322] Building CXX object src/core/MapLibreCore/CMakeFiles/mbgl-core.dir/src/mbgl/style/layers/fill_extrusion_layer_properties.cpp.o
[44/322] Building CXX object src/core/MapLibreCore/CMakeFiles/mbgl-core.dir/src/mbgl/style/layers/fill_layer.cpp.o
[45/322] Building CXX object src/core/MapLibreCore/CMakeFiles/mbgl-core.dir/src/mbgl/style/layers/fill_layer_impl.cpp.o
[46/322] Building CXX object src/core/MapLibreCore/CMakeFiles/mbgl-core.dir/src/mbgl/style/layers/fill_layer_properties.cpp.o
[47/322] Building CXX object src/core/MapLibreCore/CMakeFiles/mbgl-core.dir/src/mbgl/style/layers/heatmap_layer.cpp.o
[48/322] Building CXX object src/core/MapLibreCore/CMakeFiles/mbgl-core.dir/src/mbgl/style/layers/heatmap_layer_impl.cpp.o
[49/322] Building CXX object src/core/MapLibreCore/CMakeFiles/mbgl-core.dir/src/mbgl/style/layers/heatmap_layer_properties.cpp.o
[50/322] Building CXX object src/core/MapLibreCore/CMakeFiles/mbgl-core.dir/src/mbgl/style/layers/hillshade_layer_impl.cpp.o
[51/322] Building CXX object src/core/MapLibreCore/CMakeFiles/mbgl-core.dir/src/mbgl/style/layers/hillshade_layer.cpp.o
[52/322] Building CXX object src/core/MapLibreCore/CMakeFiles/mbgl-core.dir/src/mbgl/style/layers/hillshade_layer_properties.cpp.o
[53/322] Building CXX object src/core/MapLibreCore/CMakeFiles/mbgl-core.dir/src/mbgl/style/layers/color_relief_layer_impl.cpp.o
[54/322] Building CXX object src/core/MapLibreCore/CMakeFiles/mbgl-core.dir/src/mbgl/style/layers/color_relief_layer.cpp.o
[55/322] Building CXX object src/core/MapLibreCore/CMakeFiles/mbgl-core.dir/src/mbgl/style/layers/color_relief_layer_properties.cpp.o
[56/322] Building CXX object src/core/MapLibreCore/CMakeFiles/mbgl-core.dir/src/mbgl/style/layers/line_layer_impl.cpp.o
[57/322] Building CXX object src/core/MapLibreCore/CMakeFiles/mbgl-core.dir/src/mbgl/style/layers/line_layer.cpp.o
[58/322] Building CXX object src/core/MapLibreCore/CMakeFiles/mbgl-core.dir/src/mbgl/style/layers/line_layer_properties.cpp.o
[59/322] Building CXX object src/core/MapLibreCore/CMakeFiles/mbgl-core.dir/src/mbgl/style/layers/raster_layer_impl.cpp.o
[60/322] Building CXX object src/core/MapLibreCore/CMakeFiles/mbgl-core.dir/src/mbgl/style/layers/raster_layer_properties.cpp.o
[61/322] Building CXX object src/core/MapLibreCore/CMakeFiles/mbgl-core.dir/src/mbgl/style/layers/raster_layer.cpp.o
[62/322] Building CXX object src/core/MapLibreCore/CMakeFiles/mbgl-core.dir/src/mbgl/style/layers/symbol_layer_properties.cpp.o
[63/322] Building CXX object src/core/MapLibreCore/CMakeFiles/mbgl-core.dir/src/mbgl/style/layers/symbol_layer_impl.cpp.o
[64/322] Building CXX object src/core/MapLibreCore/CMakeFiles/mbgl-core.dir/src/mbgl/style/light_impl.cpp.o
[65/322] Building CXX object src/core/MapLibreCore/CMakeFiles/mbgl-core.dir/src/mbgl/style/layers/symbol_layer.cpp.o
[66/322] Building CXX object src/core/MapLibreCore/CMakeFiles/mbgl-core.dir/src/mbgl/style/light.cpp.o
[67/322] Building CXX object src/core/MapLibreCore/CMakeFiles/mbgl-core.dir/src/mbgl/style/source_impl.cpp.o
[68/322] Building CXX object src/core/MapLibreCore/CMakeFiles/mbgl-core.dir/src/mbgl/style/source.cpp.o
[69/322] Building CXX object src/core/MapLibreCore/CMakeFiles/mbgl-core.dir/src/mbgl/style/property_expression.cpp.o
[70/322] Building CXX object src/core/MapLibreCore/CMakeFiles/mbgl-core.dir/src/mbgl/style/parser.cpp.o
[71/322] Building CXX object src/core/MapLibreCore/CMakeFiles/mbgl-core.dir/src/mbgl/style/sources/custom_geometry_source_impl.cpp.o
[72/322] Building CXX object src/core/MapLibreCore/CMakeFiles/mbgl-core.dir/src/mbgl/style/sources/custom_geometry_source.cpp.o
[73/322] Building CXX object src/core/MapLibreCore/CMakeFiles/mbgl-core.dir/src/mbgl/style/sources/geojson_source.cpp.o
[74/322] Building CXX object src/core/MapLibreCore/CMakeFiles/mbgl-core.dir/src/mbgl/style/sources/image_source_impl.cpp.o
[75/322] Building CXX object src/core/MapLibreCore/CMakeFiles/mbgl-core.dir/src/mbgl/style/sources/image_source.cpp.o
[76/322] Building CXX object src/core/MapLibreCore/CMakeFiles/mbgl-core.dir/src/mbgl/style/sources/raster_dem_source.cpp.o
[77/322] Building CXX object src/core/MapLibreCore/CMakeFiles/mbgl-core.dir/src/mbgl/style/sources/geojson_source_impl.cpp.o
[78/322] Building CXX object src/core/MapLibreCore/CMakeFiles/mbgl-core.dir/src/mbgl/style/sources/tile_source_impl.cpp.o
[79/322] Building CXX object src/core/MapLibreCore/CMakeFiles/mbgl-core.dir/src/mbgl/style/sources/tile_source.cpp.o
[80/322] Building CXX object src/core/MapLibreCore/CMakeFiles/mbgl-core.dir/src/mbgl/style/sources/raster_source.cpp.o
[81/322] Building CXX object src/core/MapLibreCore/CMakeFiles/mbgl-core.dir/src/mbgl/style/types.cpp.o
[82/322] Building CXX object src/core/MapLibreCore/CMakeFiles/mbgl-core.dir/src/mbgl/style/style.cpp.o
[83/322] Building CXX object src/core/MapLibreCore/CMakeFiles/mbgl-core.dir/src/mbgl/style/sources/vector_source.cpp.o
[84/322] Building CXX object src/core/MapLibreCore/CMakeFiles/mbgl-core.dir/src/mbgl/style/layers/custom_layer.cpp.o
[85/322] Building CXX object src/core/MapLibreCore/CMakeFiles/mbgl-core.dir/src/mbgl/style/layers/custom_layer_render_parameters.cpp.o
[86/322] Building CXX object src/core/MapLibreCore/CMakeFiles/mbgl-core.dir/src/mbgl/style/variable_anchor_offset_collection.cpp.o
[87/322] Building CXX object src/core/MapLibreCore/CMakeFiles/mbgl-core.dir/src/mbgl/style/style_impl.cpp.o
[88/322] Building CXX object src/core/MapLibreCore/CMakeFiles/mbgl-core.dir/src/mbgl/style/layers/custom_layer_impl.cpp.o
[89/322] Building CXX object src/core/MapLibreCore/CMakeFiles/mbgl-core.dir/src/mbgl/text/check_max_angle.cpp.o
[90/322] Building CXX object src/core/MapLibreCore/CMakeFiles/mbgl-core.dir/src/mbgl/layermanager/custom_layer_factory.cpp.o
[91/322] Building CXX object src/core/MapLibreCore/CMakeFiles/mbgl-core.dir/src/mbgl/renderer/layers/render_custom_layer.cpp.o
[92/322] Building CXX object src/core/MapLibreCore/CMakeFiles/mbgl-core.dir/src/mbgl/text/get_anchors.cpp.o
[93/322] Building CXX object src/core/MapLibreCore/CMakeFiles/mbgl-core.dir/src/mbgl/text/collision_feature.cpp.o
[94/322] Building CXX object src/core/MapLibreCore/CMakeFiles/mbgl-core.dir/src/mbgl/text/glyph.cpp.o
[95/322] Building CXX object src/core/MapLibreCore/CMakeFiles/mbgl-core.dir/src/mbgl/text/cross_tile_symbol_index.cpp.o
[96/322] Building CXX object src/core/MapLibreCore/CMakeFiles/mbgl-core.dir/src/mbgl/text/collision_index.cpp.o
[97/322] Building CXX object src/core/MapLibreCore/CMakeFiles/mbgl-core.dir/src/mbgl/text/glyph_pbf.cpp.o
[98/322] Building CXX object src/core/MapLibreCore/CMakeFiles/mbgl-core.dir/src/mbgl/text/glyph_manager.cpp.o
[99/322] Building CXX object src/core/MapLibreCore/CMakeFiles/mbgl-core.dir/src/mbgl/text/quads.cpp.o
[100/322] Building CXX object src/core/MapLibreCore/CMakeFiles/mbgl-core.dir/src/mbgl/text/tagged_string.cpp.o
[101/322] Building CXX object src/core/MapLibreCore/CMakeFiles/mbgl-core.dir/src/mbgl/text/language_tag.cpp.o
[102/322] Building CXX object src/core/MapLibreCore/CMakeFiles/mbgl-core.dir/src/mbgl/text/shaping.cpp.o
[103/322] Building CXX object src/core/MapLibreCore/CMakeFiles/mbgl-core.dir/src/mbgl/text/placement.cpp.o
[104/322] Building CXX object src/core/MapLibreCore/CMakeFiles/mbgl-core.dir/src/mbgl/tile/geojson_tile.cpp.o
[105/322] Building CXX object src/core/MapLibreCore/CMakeFiles/mbgl-core.dir/src/mbgl/tile/geometry_tile.cpp.o
[106/322] Building CXX object src/core/MapLibreCore/CMakeFiles/mbgl-core.dir/src/mbgl/tile/custom_geometry_tile.cpp.o
[107/322] Building CXX object src/core/MapLibreCore/CMakeFiles/mbgl-core.dir/src/mbgl/tile/geometry_tile_data.cpp.o
[108/322] Building CXX object src/core/MapLibreCore/CMakeFiles/mbgl-core.dir/src/mbgl/tile/raster_dem_tile.cpp.o
[109/322] Building CXX object src/core/MapLibreCore/CMakeFiles/mbgl-core.dir/src/mbgl/tile/geometry_tile_worker.cpp.o
[110/322] Building CXX object src/core/MapLibreCore/CMakeFiles/mbgl-core.dir/src/mbgl/tile/raster_dem_tile_worker.cpp.o
[111/322] Building CXX object src/core/MapLibreCore/CMakeFiles/mbgl-core.dir/src/mbgl/tile/raster_tile.cpp.o
[112/322] Building CXX object src/core/MapLibreCore/CMakeFiles/mbgl-core.dir/src/mbgl/tile/raster_tile_worker.cpp.o
[113/322] Building CXX object src/core/MapLibreCore/CMakeFiles/mbgl-core.dir/src/mbgl/tile/tile.cpp.o
[114/322] Building CXX object src/core/MapLibreCore/CMakeFiles/mbgl-core.dir/src/mbgl/tile/tile_operation.cpp.o
[115/322] Building CXX object src/core/MapLibreCore/CMakeFiles/mbgl-core.dir/src/mbgl/tile/tile_id_hash.cpp.o
[116/322] Building CXX object src/core/MapLibreCore/CMakeFiles/mbgl-core.dir/src/mbgl/tile/tile_cache.cpp.o
[117/322] Building CXX object src/core/MapLibreCore/CMakeFiles/mbgl-core.dir/src/mbgl/tile/tile_id_io.cpp.o
[118/322] Building CXX object src/core/MapLibreCore/CMakeFiles/mbgl-core.dir/src/mbgl/tile/vector_mlt_tile_data.cpp.o
[119/322] Building CXX object src/core/MapLibreCore/CMakeFiles/mbgl-core.dir/src/mbgl/tile/vector_mlt_tile.cpp.o
[120/322] Building CXX object src/core/MapLibreCore/CMakeFiles/mbgl-core.dir/src/mbgl/tile/vector_tile.cpp.o
[121/322] Building CXX object src/core/MapLibreCore/CMakeFiles/mbgl-core.dir/src/mbgl/tile/vector_mvt_tile.cpp.o
[122/322] Building CXX object src/core/MapLibreCore/CMakeFiles/mbgl-core.dir/src/mbgl/util/action_journal.cpp.o
[123/322] Building CXX object src/core/MapLibreCore/CMakeFiles/mbgl-core.dir/src/mbgl/util/bounding_volumes.cpp.o
[124/322] Building CXX object src/core/MapLibreCore/CMakeFiles/mbgl-core.dir/src/mbgl/util/camera.cpp.o
[125/322] Building CXX object src/core/MapLibreCore/CMakeFiles/mbgl-core.dir/src/mbgl/util/client_options.cpp.o
[126/322] Building CXX object src/core/MapLibreCore/CMakeFiles/mbgl-core.dir/src/mbgl/util/chrono.cpp.o
[127/322] Building CXX object src/core/MapLibreCore/CMakeFiles/mbgl-core.dir/src/mbgl/tile/vector_mvt_tile_data.cpp.o
[128/322] Building CXX object src/core/MapLibreCore/CMakeFiles/mbgl-core.dir/src/mbgl/util/convert.cpp.o
[129/322] Building CXX object src/core/MapLibreCore/CMakeFiles/mbgl-core.dir/src/mbgl/util/constants.cpp.o
[130/322] Building CXX object src/core/MapLibreCore/CMakeFiles/mbgl-core.dir/src/mbgl/util/event.cpp.o
[131/322] Building CXX object src/core/MapLibreCore/CMakeFiles/mbgl-core.dir/src/mbgl/util/color.cpp.o
[132/322] Building CXX object src/core/MapLibreCore/CMakeFiles/mbgl-core.dir/src/mbgl/util/geo.cpp.o
[133/322] Building CXX object src/core/MapLibreCore/CMakeFiles/mbgl-core.dir/src/mbgl/util/geometry_util.cpp.o
[134/322] Building CXX object src/core/MapLibreCore/CMakeFiles/mbgl-core.dir/src/mbgl/util/geojson_impl.cpp.o
[135/322] Building CXX object src/core/MapLibreCore/CMakeFiles/mbgl-core.dir/src/mbgl/util/font_stack.cpp.o
[136/322] Building CXX object src/core/MapLibreCore/CMakeFiles/mbgl-core.dir/src/mbgl/util/grid_index.cpp.o
[137/322] Building CXX object src/core/MapLibreCore/CMakeFiles/mbgl-core.dir/src/mbgl/util/http_timeout.cpp.o
[138/322] Building CXX object src/core/MapLibreCore/CMakeFiles/mbgl-core.dir/src/mbgl/util/identity.cpp.o
[139/322] Building CXX object src/core/MapLibreCore/CMakeFiles/mbgl-core.dir/src/mbgl/util/instrumentation.cpp.o
[140/322] Building CXX object src/core/MapLibreCore/CMakeFiles/mbgl-core.dir/src/mbgl/util/i18n.cpp.o
[141/322] Building CXX object src/core/MapLibreCore/CMakeFiles/mbgl-core.dir/src/mbgl/util/action_journal_impl.cpp.o
[142/322] Building CXX object src/core/MapLibreCore/CMakeFiles/mbgl-core.dir/src/mbgl/util/io.cpp.o
[143/322] Building CXX object src/core/MapLibreCore/CMakeFiles/mbgl-core.dir/src/mbgl/util/intersection_tests.cpp.o
[144/322] Building CXX object src/core/MapLibreCore/CMakeFiles/mbgl-core.dir/src/mbgl/util/logging.cpp.o
[145/322] Building CXX object src/core/MapLibreCore/CMakeFiles/mbgl-core.dir/src/mbgl/util/http_header.cpp.o
