-- Version 3.0.0
-- The CXX compiler identification is GNU 14.2.0
-- Detecting CXX compiler ABI info
-- Detecting CXX compiler ABI info - done
-- Check for working CXX compiler: /usr/bin/c++ - skipped
-- Detecting CXX compile features
-- Detecting CXX compile features - done
-- Performing Test CMAKE_HAVE_LIBC_PTHREAD
-- Performing Test CMAKE_HAVE_LIBC_PTHREAD - Success
-- Found Threads: TRUE
-- Found OpenGL: /workspace/shared/hdb-toolchain/sysroot/usr/lib/x86_64-linux-gnu/libOpenGL.so
-- Found WrapOpenGL: TRUE
-- Found WrapVulkanHeaders: /workspace/shared/hdb-toolchain/sysroot/usr/include
-- Performing Test HAVE_STDATOMIC
-- Performing Test HAVE_STDATOMIC - Success
-- Found WrapAtomic: TRUE
-- Could NOT find Qt6TaskTree (missing: Qt6TaskTree_DIR)
CMake Warning at /workspace/shared/hdb-toolchain/python/lib/python3.12/site-packages/cmake/data/share/cmake-4.4/Modules/CMakeFindDependencyMacro.cmake:93 (find_package):
  Found package configuration file:

    /workspace/shared/hdb-toolchain/Qt/6.12.0/gcc_64/lib/cmake/Qt6QmlAssetDownloaderPrivate/Qt6QmlAssetDownloaderPrivateConfig.cmake

  but it set Qt6QmlAssetDownloaderPrivate_FOUND to FALSE so package
  "Qt6QmlAssetDownloaderPrivate" is considered to be NOT FOUND.  Reason given
  by package:

  Qt6QmlAssetDownloaderPrivate could not be found because dependency
  Qt6TaskTree could not be found.

  Configuring with --debug-find-pkg=Qt6TaskTree might reveal details why the
  package was not found.

  Configuring with -DQT_DEBUG_FIND_PACKAGE=ON will print the values of some
  of the path variables that find_package uses to try and find the package.

Call Stack (most recent call first):
  /workspace/shared/hdb-toolchain/python/lib/python3.12/site-packages/cmake/data/share/cmake-4.4/Modules/CMakeFindDependencyMacro.cmake:125 (__find_dependency_common)
  /workspace/shared/hdb-toolchain/Qt/6.12.0/gcc_64/lib/cmake/Qt6/QtPublicDependencyHelpers.cmake:142 (find_dependency)
  /workspace/shared/hdb-toolchain/Qt/6.12.0/gcc_64/lib/cmake/Qt6Qml/QmlPlugins/Qt6QmlAssetDownloaderPrivatepluginDependencies.cmake:22 (_qt_internal_find_qt_dependencies)
  /workspace/shared/hdb-toolchain/Qt/6.12.0/gcc_64/lib/cmake/Qt6Qml/QmlPlugins/Qt6QmlAssetDownloaderPrivatepluginConfig.cmake:40 (include)
  /workspace/shared/hdb-toolchain/Qt/6.12.0/gcc_64/lib/cmake/Qt6/QtPublicPluginHelpers.cmake:638 (include)
  /workspace/shared/hdb-toolchain/Qt/6.12.0/gcc_64/lib/cmake/Qt6Qml/Qt6QmlPlugins.cmake:6 (__qt_internal_include_qml_plugin_packages)
  /workspace/shared/hdb-toolchain/Qt/6.12.0/gcc_64/lib/cmake/Qt6Qml/Qt6QmlConfig.cmake:199 (include)
  /workspace/shared/hdb-toolchain/python/lib/python3.12/site-packages/cmake/data/share/cmake-4.4/Modules/CMakeFindDependencyMacro.cmake:93 (find_package)
  /workspace/shared/hdb-toolchain/python/lib/python3.12/site-packages/cmake/data/share/cmake-4.4/Modules/CMakeFindDependencyMacro.cmake:125 (__find_dependency_common)
  /workspace/shared/hdb-toolchain/Qt/6.12.0/gcc_64/lib/cmake/Qt6/QtPublicDependencyHelpers.cmake:142 (find_dependency)
  /workspace/shared/hdb-toolchain/Qt/6.12.0/gcc_64/lib/cmake/Qt6PositioningQuick/Qt6PositioningQuickDependencies.cmake:51 (_qt_internal_find_qt_dependencies)
  /workspace/shared/hdb-toolchain/Qt/6.12.0/gcc_64/lib/cmake/Qt6PositioningQuick/Qt6PositioningQuickConfig.cmake:40 (include)
  /workspace/shared/hdb-toolchain/python/lib/python3.12/site-packages/cmake/data/share/cmake-4.4/Modules/CMakeFindDependencyMacro.cmake:93 (find_package)
  /workspace/shared/hdb-toolchain/python/lib/python3.12/site-packages/cmake/data/share/cmake-4.4/Modules/CMakeFindDependencyMacro.cmake:125 (__find_dependency_common)
  /workspace/shared/hdb-toolchain/Qt/6.12.0/gcc_64/lib/cmake/Qt6/QtPublicDependencyHelpers.cmake:142 (find_dependency)
  /workspace/shared/hdb-toolchain/Qt/6.12.0/gcc_64/lib/cmake/Qt6Location/Qt6LocationDependencies.cmake:51 (_qt_internal_find_qt_dependencies)
  /workspace/shared/hdb-toolchain/Qt/6.12.0/gcc_64/lib/cmake/Qt6Location/Qt6LocationConfig.cmake:40 (include)
  /workspace/shared/hdb-toolchain/Qt/6.12.0/gcc_64/lib/cmake/Qt6/Qt6Config.cmake:257 (find_package)
  CMakeLists.txt:64 (find_package)


-- Using Qt6 (6.12.0)
-- The C compiler identification is GNU 14.2.0
-- Detecting C compiler ABI info
-- Detecting C compiler ABI info - done
-- Check for working C compiler: /usr/bin/cc - skipped
-- Detecting C compile features
-- Detecting C compile features - done
-- Configuring GL-Native with OpenGL renderer backend
CMake Warning (deprecated) at vendor/maplibre-native/vendor/mapbox-base/CMakeLists.txt:5 (cmake_minimum_required):
  Compatibility with CMake < 3.10 will be removed from a future version of
  CMake.

  Update the VERSION argument <min> value.  Or, use the <min>...<max> syntax
  to tell CMake that the project requires at least <min> but has been updated
  to work with policies introduced by <max> or earlier.
This warning is for project developers.  Use -Wno-author or -Wno-deprecated
to suppress it.

-- Configuring MapLibre Native with Qt platform
-- Found ICU: /workspace/shared/m10-maplibre/sysroot/usr/include (found version "76.1") found components: uc
-- Building location module
-- Configuring done (1.4s)
CMake Error at src/location/CMakeLists.txt:63 (target_link_libraries):
  Target "MLNQtLocation" links to:

    Qt6::LocationPrivate

  but the target was not found.  Possible reasons include:

    * There is a typo in the target name.
    * A find_package call is missing for an IMPORTED target.
    * An ALIAS target is missing.



CMake Error at src/location/plugins/CMakeLists.txt:56 (target_link_libraries):
  Target "qtgeoservices_maplibre" links to:

    Qt6::LocationPrivate

  but the target was not found.  Possible reasons include:

    * There is a typo in the target name.
    * A find_package call is missing for an IMPORTED target.
    * An ALIAS target is missing.



CMake Error at src/location/plugins/CMakeLists.txt:194 (target_link_libraries):
  Target "declarative_locationplugin_maplibre" links to:

    Qt6::LocationPrivate

  but the target was not found.  Possible reasons include:

    * There is a typo in the target name.
    * A find_package call is missing for an IMPORTED target.
    * An ALIAS target is missing.



CMake Error at test/core/CMakeLists.txt:25 (target_link_libraries):
  Target "test_mln_core" links to:

    Qt::OpenGLWidgets

  but the target was not found.  Possible reasons include:

    * There is a typo in the target name.
    * A find_package call is missing for an IMPORTED target.
    * An ALIAS target is missing.



-- Generating done (0.3s)
CMake Warning (unused-cli):
  Manually-specified variables were not used by the project:

    MLN_QT_WITH_QUICK_PLUGIN
    MLN_WITH_GLFW
    MLN_WITH_METAL
    MLN_WITH_VULKAN


CMake Generate step failed.  Build files cannot be regenerated correctly.
