-- Install configuration: "Release"
-- Installing: /workspace/shared/m10-maplibre/install-current/lib/cmake/QMapLibre/QMapLibreCoreTargets.cmake
-- Installing: /workspace/shared/m10-maplibre/install-current/lib/cmake/QMapLibre/QMapLibreCoreTargets-release.cmake
-- Installing: /workspace/shared/m10-maplibre/install-current/include/mbgl
-- Installing: /workspace/shared/m10-maplibre/install-current/include/mbgl/actor
-- Installing: /workspace/shared/m10-maplibre/install-current/include/mbgl/actor/scheduler.hpp
-- Installing: /workspace/shared/m10-maplibre/install-current/include/mbgl/actor/optional_actor_ref.hpp
-- Installing: /workspace/shared/m10-maplibre/install-current/include/mbgl/actor/actor_ref.hpp
-- Installing: /workspace/shared/m10-maplibre/install-current/include/mbgl/actor/established_actor.hpp
-- Installing: /workspace/shared/m10-maplibre/install-current/include/mbgl/actor/message.hpp
-- Installing: /workspace/shared/m10-maplibre/install-current/include/mbgl/actor/optional_actor.hpp
-- Installing: /workspace/shared/m10-maplibre/install-current/include/mbgl/actor/aspiring_actor.hpp
-- Installing: /workspace/shared/m10-maplibre/install-current/include/mbgl/actor/mailbox.hpp
-- Installing: /workspace/shared/m10-maplibre/install-current/include/mbgl/actor/actor.hpp
-- Installing: /workspace/shared/m10-maplibre/install-current/include/mbgl/mtl
-- Installing: /workspace/shared/m10-maplibre/install-current/include/mbgl/mtl/context.hpp
-- Installing: /workspace/shared/m10-maplibre/install-current/include/mbgl/mtl/render_pass.hpp
-- Installing: /workspace/shared/m10-maplibre/install-current/include/mbgl/mtl/renderer_backend.hpp
-- Installing: /workspace/shared/m10-maplibre/install-current/include/mbgl/mtl/texture2d.hpp
-- Installing: /workspace/shared/m10-maplibre/install-current/include/mbgl/mtl/layer_group.hpp
-- Installing: /workspace/shared/m10-maplibre/install-current/include/mbgl/mtl/vertex_buffer_resource.hpp
-- Installing: /workspace/shared/m10-maplibre/install-current/include/mbgl/mtl/command_encoder.hpp
-- Installing: /workspace/shared/m10-maplibre/install-current/include/mbgl/mtl/upload_pass.hpp
-- Installing: /workspace/shared/m10-maplibre/install-current/include/mbgl/mtl/tile_layer_group.hpp
-- Installing: /workspace/shared/m10-maplibre/install-current/include/mbgl/mtl/buffer_resource.hpp
-- Installing: /workspace/shared/m10-maplibre/install-current/include/mbgl/mtl/mtl_fwd.hpp
-- Installing: /workspace/shared/m10-maplibre/install-current/include/mbgl/mtl/renderable_resource.hpp
-- Installing: /workspace/shared/m10-maplibre/install-current/include/mbgl/mtl/offscreen_texture.hpp
-- Installing: /workspace/shared/m10-maplibre/install-current/include/mbgl/mtl/drawable.hpp
-- Installing: /workspace/shared/m10-maplibre/install-current/include/mbgl/mtl/dynamic_texture.hpp
-- Installing: /workspace/shared/m10-maplibre/install-current/include/mbgl/mtl/drawable_builder.hpp
-- Installing: /workspace/shared/m10-maplibre/install-current/include/mbgl/mtl/index_buffer_resource.hpp
-- Installing: /workspace/shared/m10-maplibre/install-current/include/mbgl/mtl/uniform_buffer.hpp
-- Installing: /workspace/shared/m10-maplibre/install-current/include/mbgl/mtl/vertex_attribute.hpp
-- Installing: /workspace/shared/m10-maplibre/install-current/include/mbgl/vulkan
-- Installing: /workspace/shared/m10-maplibre/install-current/include/mbgl/vulkan/context.hpp
-- Installing: /workspace/shared/m10-maplibre/install-current/include/mbgl/vulkan/render_pass.hpp
-- Installing: /workspace/shared/m10-maplibre/install-current/include/mbgl/vulkan/renderer_backend.hpp
-- Installing: /workspace/shared/m10-maplibre/install-current/include/mbgl/vulkan/texture2d.hpp
-- Installing: /workspace/shared/m10-maplibre/install-current/include/mbgl/vulkan/layer_group.hpp
-- Installing: /workspace/shared/m10-maplibre/install-current/include/mbgl/vulkan/vertex_buffer_resource.hpp
-- Installing: /workspace/shared/m10-maplibre/install-current/include/mbgl/vulkan/command_encoder.hpp
-- Installing: /workspace/shared/m10-maplibre/install-current/include/mbgl/vulkan/pipeline.hpp
-- Installing: /workspace/shared/m10-maplibre/install-current/include/mbgl/vulkan/upload_pass.hpp
-- Installing: /workspace/shared/m10-maplibre/install-current/include/mbgl/vulkan/tile_layer_group.hpp
-- Installing: /workspace/shared/m10-maplibre/install-current/include/mbgl/vulkan/buffer_resource.hpp
-- Installing: /workspace/shared/m10-maplibre/install-current/include/mbgl/vulkan/renderable_resource.hpp
-- Installing: /workspace/shared/m10-maplibre/install-current/include/mbgl/vulkan/descriptor_set.hpp
-- Installing: /workspace/shared/m10-maplibre/install-current/include/mbgl/vulkan/offscreen_texture.hpp
-- Installing: /workspace/shared/m10-maplibre/install-current/include/mbgl/vulkan/drawable.hpp
-- Installing: /workspace/shared/m10-maplibre/install-current/include/mbgl/vulkan/dynamic_texture.hpp
-- Installing: /workspace/shared/m10-maplibre/install-current/include/mbgl/vulkan/drawable_builder.hpp
-- Installing: /workspace/shared/m10-maplibre/install-current/include/mbgl/vulkan/index_buffer_resource.hpp
-- Installing: /workspace/shared/m10-maplibre/install-current/include/mbgl/vulkan/uniform_buffer.hpp
-- Installing: /workspace/shared/m10-maplibre/install-current/include/mbgl/vulkan/vertex_attribute.hpp
-- Installing: /workspace/shared/m10-maplibre/install-current/include/mbgl/platform
-- Installing: /workspace/shared/m10-maplibre/install-current/include/mbgl/platform/gl_functions.hpp
-- Installing: /workspace/shared/m10-maplibre/install-current/include/mbgl/platform/time.hpp
-- Installing: /workspace/shared/m10-maplibre/install-current/include/mbgl/platform/thread.hpp
-- Installing: /workspace/shared/m10-maplibre/install-current/include/mbgl/platform/settings.hpp
-- Installing: /workspace/shared/m10-maplibre/install-current/include/mbgl/renderer
-- Installing: /workspace/shared/m10-maplibre/install-current/include/mbgl/renderer/change_request.hpp
-- Installing: /workspace/shared/m10-maplibre/install-current/include/mbgl/renderer/renderer_frontend.hpp
-- Installing: /workspace/shared/m10-maplibre/install-current/include/mbgl/renderer/layer_group.hpp
-- Installing: /workspace/shared/m10-maplibre/install-current/include/mbgl/renderer/render_target.hpp
-- Installing: /workspace/shared/m10-maplibre/install-current/include/mbgl/renderer/renderer.hpp
-- Installing: /workspace/shared/m10-maplibre/install-current/include/mbgl/renderer/layer_tweaker.hpp
-- Installing: /workspace/shared/m10-maplibre/install-current/include/mbgl/renderer/renderer_state.hpp
-- Installing: /workspace/shared/m10-maplibre/install-current/include/mbgl/renderer/renderer_observer.hpp
-- Installing: /workspace/shared/m10-maplibre/install-current/include/mbgl/renderer/query.hpp
-- Installing: /workspace/shared/m10-maplibre/install-current/include/mbgl/text
-- Installing: /workspace/shared/m10-maplibre/install-current/include/mbgl/text/glyph.hpp
-- Installing: /workspace/shared/m10-maplibre/install-current/include/mbgl/text/glyph_range.hpp
-- Installing: /workspace/shared/m10-maplibre/install-current/include/mbgl/layermanager
-- Installing: /workspace/shared/m10-maplibre/install-current/include/mbgl/layermanager/color_relief_layer_factory.hpp
-- Installing: /workspace/shared/m10-maplibre/install-current/include/mbgl/layermanager/circle_layer_factory.hpp
-- Installing: /workspace/shared/m10-maplibre/install-current/include/mbgl/layermanager/custom_drawable_layer_factory.hpp
-- Installing: /workspace/shared/m10-maplibre/install-current/include/mbgl/layermanager/location_indicator_layer_factory.hpp
-- Installing: /workspace/shared/m10-maplibre/install-current/include/mbgl/layermanager/fill_extrusion_layer_factory.hpp
-- Installing: /workspace/shared/m10-maplibre/install-current/include/mbgl/layermanager/custom_layer_factory.hpp
-- Installing: /workspace/shared/m10-maplibre/install-current/include/mbgl/layermanager/heatmap_layer_factory.hpp
-- Installing: /workspace/shared/m10-maplibre/install-current/include/mbgl/layermanager/layer_factory.hpp
-- Installing: /workspace/shared/m10-maplibre/install-current/include/mbgl/layermanager/symbol_layer_factory.hpp
-- Installing: /workspace/shared/m10-maplibre/install-current/include/mbgl/layermanager/layer_manager.hpp
-- Installing: /workspace/shared/m10-maplibre/install-current/include/mbgl/layermanager/raster_layer_factory.hpp
-- Installing: /workspace/shared/m10-maplibre/install-current/include/mbgl/layermanager/background_layer_factory.hpp
-- Installing: /workspace/shared/m10-maplibre/install-current/include/mbgl/layermanager/line_layer_factory.hpp
-- Installing: /workspace/shared/m10-maplibre/install-current/include/mbgl/layermanager/fill_layer_factory.hpp
-- Installing: /workspace/shared/m10-maplibre/install-current/include/mbgl/layermanager/hillshade_layer_factory.hpp
-- Installing: /workspace/shared/m10-maplibre/install-current/include/mbgl/i18n
-- Installing: /workspace/shared/m10-maplibre/install-current/include/mbgl/i18n/collator.hpp
-- Installing: /workspace/shared/m10-maplibre/install-current/include/mbgl/i18n/number_format.hpp
-- Installing: /workspace/shared/m10-maplibre/install-current/include/mbgl/gfx
-- Installing: /workspace/shared/m10-maplibre/install-current/include/mbgl/gfx/context.hpp
-- Installing: /workspace/shared/m10-maplibre/install-current/include/mbgl/gfx/drawable_custom_layer_host_tweaker.hpp
-- Installing: /workspace/shared/m10-maplibre/install-current/include/mbgl/gfx/context_observer.hpp
-- Installing: /workspace/shared/m10-maplibre/install-current/include/mbgl/gfx/polyline_generator.hpp
-- Installing: /workspace/shared/m10-maplibre/install-current/include/mbgl/gfx/drawable_impl.hpp
-- Installing: /workspace/shared/m10-maplibre/install-current/include/mbgl/gfx/rendering_stats.hpp
-- Installing: /workspace/shared/m10-maplibre/install-current/include/mbgl/gfx/stencil_mode.hpp
-- Installing: /workspace/shared/m10-maplibre/install-current/include/mbgl/gfx/vertex_buffer.hpp
-- Installing: /workspace/shared/m10-maplibre/install-current/include/mbgl/gfx/shader_registry.hpp
-- Installing: /workspace/shared/m10-maplibre/install-current/include/mbgl/gfx/renderer_backend.hpp
-- Installing: /workspace/shared/m10-maplibre/install-current/include/mbgl/gfx/texture2d.hpp
-- Installing: /workspace/shared/m10-maplibre/install-current/include/mbgl/gfx/draw_mode.hpp
-- Installing: /workspace/shared/m10-maplibre/install-current/include/mbgl/gfx/shader_group.hpp
-- Installing: /workspace/shared/m10-maplibre/install-current/include/mbgl/gfx/command_encoder.hpp
-- Installing: /workspace/shared/m10-maplibre/install-current/include/mbgl/gfx/backend.hpp
-- Installing: /workspace/shared/m10-maplibre/install-current/include/mbgl/gfx/gfx_types.hpp
-- Installing: /workspace/shared/m10-maplibre/install-current/include/mbgl/gfx/types.hpp
-- Installing: /workspace/shared/m10-maplibre/install-current/include/mbgl/gfx/gpu_expression.hpp
-- Installing: /workspace/shared/m10-maplibre/install-current/include/mbgl/gfx/renderable.hpp
-- Installing: /workspace/shared/m10-maplibre/install-current/include/mbgl/gfx/drawable_data.hpp
-- Installing: /workspace/shared/m10-maplibre/install-current/include/mbgl/gfx/backend_scope.hpp
-- Installing: /workspace/shared/m10-maplibre/install-current/include/mbgl/gfx/draw_scope.hpp
-- Installing: /workspace/shared/m10-maplibre/install-current/include/mbgl/gfx/color_mode.hpp
-- Installing: /workspace/shared/m10-maplibre/install-current/include/mbgl/gfx/shader.hpp
-- Installing: /workspace/shared/m10-maplibre/install-current/include/mbgl/gfx/drawable.hpp
-- Installing: /workspace/shared/m10-maplibre/install-current/include/mbgl/gfx/depth_mode.hpp
-- Installing: /workspace/shared/m10-maplibre/install-current/include/mbgl/gfx/dynamic_texture.hpp
-- Installing: /workspace/shared/m10-maplibre/install-current/include/mbgl/gfx/dynamic_texture_atlas.hpp
-- Installing: /workspace/shared/m10-maplibre/install-current/include/mbgl/gfx/drawable_builder.hpp
-- Installing: /workspace/shared/m10-maplibre/install-current/include/mbgl/gfx/debug_group.hpp
-- Installing: /workspace/shared/m10-maplibre/install-current/include/mbgl/gfx/scissor_rect.hpp
-- Installing: /workspace/shared/m10-maplibre/install-current/include/mbgl/gfx/renderbuffer.hpp
-- Installing: /workspace/shared/m10-maplibre/install-current/include/mbgl/gfx/drawable_atlases_tweaker.hpp
-- Installing: /workspace/shared/m10-maplibre/install-current/include/mbgl/gfx/drawable_tweaker.hpp
-- Installing: /workspace/shared/m10-maplibre/install-current/include/mbgl/gfx/uniform_buffer.hpp
-- Installing: /workspace/shared/m10-maplibre/install-current/include/mbgl/gfx/vertex_attribute.hpp
-- Installing: /workspace/shared/m10-maplibre/install-current/include/mbgl/gfx/fill_generator.hpp
-- Installing: /workspace/shared/m10-maplibre/install-current/include/mbgl/shaders
-- Installing: /workspace/shared/m10-maplibre/install-current/include/mbgl/shaders/mtl
-- Installing: /workspace/shared/m10-maplibre/install-current/include/mbgl/shaders/mtl/color_relief.hpp
-- Installing: /workspace/shared/m10-maplibre/install-current/include/mbgl/shaders/mtl/circle.hpp
-- Installing: /workspace/shared/m10-maplibre/install-current/include/mbgl/shaders/mtl/debug.hpp
-- Installing: /workspace/shared/m10-maplibre/install-current/include/mbgl/shaders/mtl/widevector.hpp
-- Installing: /workspace/shared/m10-maplibre/install-current/include/mbgl/shaders/mtl/shader_program_mtl.hpp
-- Installing: /workspace/shared/m10-maplibre/install-current/include/mbgl/shaders/mtl/fill.hpp
-- Installing: /workspace/shared/m10-maplibre/install-current/include/mbgl/shaders/mtl/shader_group.hpp
-- Installing: /workspace/shared/m10-maplibre/install-current/include/mbgl/shaders/mtl/custom_symbol_icon.hpp
-- Installing: /workspace/shared/m10-maplibre/install-current/include/mbgl/shaders/mtl/heatmap_texture.hpp
-- Installing: /workspace/shared/m10-maplibre/install-current/include/mbgl/shaders/mtl/shader_program.hpp
-- Installing: /workspace/shared/m10-maplibre/install-current/include/mbgl/shaders/mtl/hillshade.hpp
-- Installing: /workspace/shared/m10-maplibre/install-current/include/mbgl/shaders/mtl/fill_extrusion.hpp
-- Installing: /workspace/shared/m10-maplibre/install-current/include/mbgl/shaders/mtl/custom_geometry.hpp
-- Installing: /workspace/shared/m10-maplibre/install-current/include/mbgl/shaders/mtl/common.hpp
-- Installing: /workspace/shared/m10-maplibre/install-current/include/mbgl/shaders/mtl/collision.hpp
-- Installing: /workspace/shared/m10-maplibre/install-current/include/mbgl/shaders/mtl/heatmap.hpp
-- Installing: /workspace/shared/m10-maplibre/install-current/include/mbgl/shaders/mtl/line.hpp
-- Installing: /workspace/shared/m10-maplibre/install-current/include/mbgl/shaders/mtl/clipping_mask.hpp
-- Installing: /workspace/shared/m10-maplibre/install-current/include/mbgl/shaders/mtl/location_indicator.hpp
-- Installing: /workspace/shared/m10-maplibre/install-current/include/mbgl/shaders/mtl/raster.hpp
-- Installing: /workspace/shared/m10-maplibre/install-current/include/mbgl/shaders/mtl/hillshade_prepare.hpp
-- Installing: /workspace/shared/m10-maplibre/install-current/include/mbgl/shaders/mtl/symbol.hpp
-- Installing: /workspace/shared/m10-maplibre/install-current/include/mbgl/shaders/mtl/background.hpp
-- Installing: /workspace/shared/m10-maplibre/install-current/include/mbgl/shaders/location_indicator_ubo.hpp
-- Installing: /workspace/shared/m10-maplibre/install-current/include/mbgl/shaders/vulkan
-- Installing: /workspace/shared/m10-maplibre/install-current/include/mbgl/shaders/vulkan/color_relief.hpp
-- Installing: /workspace/shared/m10-maplibre/install-current/include/mbgl/shaders/vulkan/circle.hpp
-- Installing: /workspace/shared/m10-maplibre/install-current/include/mbgl/shaders/vulkan/debug.hpp
-- Installing: /workspace/shared/m10-maplibre/install-current/include/mbgl/shaders/vulkan/widevector.hpp
-- Installing: /workspace/shared/m10-maplibre/install-current/include/mbgl/shaders/vulkan/fill.hpp
-- Installing: /workspace/shared/m10-maplibre/install-current/include/mbgl/shaders/vulkan/shader_group.hpp
-- Installing: /workspace/shared/m10-maplibre/install-current/include/mbgl/shaders/vulkan/custom_symbol_icon.hpp
-- Installing: /workspace/shared/m10-maplibre/install-current/include/mbgl/shaders/vulkan/heatmap_texture.hpp
-- Installing: /workspace/shared/m10-maplibre/install-current/include/mbgl/shaders/vulkan/shader_program.hpp
-- Installing: /workspace/shared/m10-maplibre/install-current/include/mbgl/shaders/vulkan/hillshade.hpp
-- Installing: /workspace/shared/m10-maplibre/install-current/include/mbgl/shaders/vulkan/fill_extrusion.hpp
-- Installing: /workspace/shared/m10-maplibre/install-current/include/mbgl/shaders/vulkan/custom_geometry.hpp
-- Installing: /workspace/shared/m10-maplibre/install-current/include/mbgl/shaders/vulkan/common.hpp
-- Installing: /workspace/shared/m10-maplibre/install-current/include/mbgl/shaders/vulkan/collision.hpp
-- Installing: /workspace/shared/m10-maplibre/install-current/include/mbgl/shaders/vulkan/heatmap.hpp
-- Installing: /workspace/shared/m10-maplibre/install-current/include/mbgl/shaders/vulkan/line.hpp
-- Installing: /workspace/shared/m10-maplibre/install-current/include/mbgl/shaders/vulkan/clipping_mask.hpp
-- Installing: /workspace/shared/m10-maplibre/install-current/include/mbgl/shaders/vulkan/location_indicator.hpp
-- Installing: /workspace/shared/m10-maplibre/install-current/include/mbgl/shaders/vulkan/raster.hpp
-- Installing: /workspace/shared/m10-maplibre/install-current/include/mbgl/shaders/vulkan/hillshade_prepare.hpp
-- Installing: /workspace/shared/m10-maplibre/install-current/include/mbgl/shaders/vulkan/symbol.hpp
-- Installing: /workspace/shared/m10-maplibre/install-current/include/mbgl/shaders/vulkan/background.hpp
-- Installing: /workspace/shared/m10-maplibre/install-current/include/mbgl/shaders/custom_geometry_ubo.hpp
-- Installing: /workspace/shared/m10-maplibre/install-current/include/mbgl/shaders/heatmap_texture_layer_ubo.hpp
-- Installing: /workspace/shared/m10-maplibre/install-current/include/mbgl/shaders/circle_layer_ubo.hpp
-- Installing: /workspace/shared/m10-maplibre/install-current/include/mbgl/shaders/fill_extrusion_layer_ubo.hpp
-- Installing: /workspace/shared/m10-maplibre/install-current/include/mbgl/shaders/hillshade_prepare_layer_ubo.hpp
-- Installing: /workspace/shared/m10-maplibre/install-current/include/mbgl/shaders/hillshade_layer_ubo.hpp
-- Installing: /workspace/shared/m10-maplibre/install-current/include/mbgl/shaders/widevector_ubo.hpp
-- Installing: /workspace/shared/m10-maplibre/install-current/include/mbgl/shaders/collision_layer_ubo.hpp
-- Installing: /workspace/shared/m10-maplibre/install-current/include/mbgl/shaders/symbol_layer_ubo.hpp
-- Installing: /workspace/shared/m10-maplibre/install-current/include/mbgl/shaders/debug_layer_ubo.hpp
-- Installing: /workspace/shared/m10-maplibre/install-current/include/mbgl/shaders/gl
-- Installing: /workspace/shared/m10-maplibre/install-current/include/mbgl/shaders/gl/fill_extrusion_instanced.hpp
-- Installing: /workspace/shared/m10-maplibre/install-current/include/mbgl/shaders/gl/background_pattern.hpp
-- Installing: /workspace/shared/m10-maplibre/install-current/include/mbgl/shaders/gl/fill_outline_triangulated.hpp
-- Installing: /workspace/shared/m10-maplibre/install-current/include/mbgl/shaders/gl/shader_program_gl.hpp
-- Installing: /workspace/shared/m10-maplibre/install-current/include/mbgl/shaders/gl/color_relief.hpp
-- Installing: /workspace/shared/m10-maplibre/install-current/include/mbgl/shaders/gl/circle.hpp
-- Installing: /workspace/shared/m10-maplibre/install-current/include/mbgl/shaders/gl/debug.hpp
-- Installing: /workspace/shared/m10-maplibre/install-current/include/mbgl/shaders/gl/line_sdf.hpp
-- Installing: /workspace/shared/m10-maplibre/install-current/include/mbgl/shaders/gl/symbol_icon.hpp
-- Installing: /workspace/shared/m10-maplibre/install-current/include/mbgl/shaders/gl/fill.hpp
-- Installing: /workspace/shared/m10-maplibre/install-current/include/mbgl/shaders/gl/fill_extrusion_pattern.hpp
-- Installing: /workspace/shared/m10-maplibre/install-current/include/mbgl/shaders/gl/custom_symbol_icon.hpp
-- Installing: /workspace/shared/m10-maplibre/install-current/include/mbgl/shaders/gl/heatmap_texture.hpp
-- Installing: /workspace/shared/m10-maplibre/install-current/include/mbgl/shaders/gl/location_indicator_textured.hpp
-- Installing: /workspace/shared/m10-maplibre/install-current/include/mbgl/shaders/gl/hillshade.hpp
-- Installing: /workspace/shared/m10-maplibre/install-current/include/mbgl/shaders/gl/fill_outline.hpp
-- Installing: /workspace/shared/m10-maplibre/install-current/include/mbgl/shaders/gl/fill_extrusion.hpp
-- Installing: /workspace/shared/m10-maplibre/install-current/include/mbgl/shaders/gl/wide_vector.hpp
-- Installing: /workspace/shared/m10-maplibre/install-current/include/mbgl/shaders/gl/line_pattern.hpp
-- Installing: /workspace/shared/m10-maplibre/install-current/include/mbgl/shaders/gl/collision_box.hpp
-- Installing: /workspace/shared/m10-maplibre/install-current/include/mbgl/shaders/gl/custom_geometry.hpp
-- Installing: /workspace/shared/m10-maplibre/install-current/include/mbgl/shaders/gl/shader_info.hpp
-- Installing: /workspace/shared/m10-maplibre/install-current/include/mbgl/shaders/gl/fill_outline_pattern.hpp
-- Installing: /workspace/shared/m10-maplibre/install-current/include/mbgl/shaders/gl/symbol_sdf.hpp
-- Installing: /workspace/shared/m10-maplibre/install-current/include/mbgl/shaders/gl/collision_circle.hpp
-- Installing: /workspace/shared/m10-maplibre/install-current/include/mbgl/shaders/gl/shader_group_gl.hpp
-- Installing: /workspace/shared/m10-maplibre/install-current/include/mbgl/shaders/gl/fill_extrusion_pattern_instanced.hpp
-- Installing: /workspace/shared/m10-maplibre/install-current/include/mbgl/shaders/gl/prelude.hpp
-- Installing: /workspace/shared/m10-maplibre/install-current/include/mbgl/shaders/gl/line_gradient.hpp
-- Installing: /workspace/shared/m10-maplibre/install-current/include/mbgl/shaders/gl/symbol_text_and_icon.hpp
-- Installing: /workspace/shared/m10-maplibre/install-current/include/mbgl/shaders/gl/heatmap.hpp
-- Installing: /workspace/shared/m10-maplibre/install-current/include/mbgl/shaders/gl/line.hpp
-- Installing: /workspace/shared/m10-maplibre/install-current/include/mbgl/shaders/gl/clipping_mask.hpp
-- Installing: /workspace/shared/m10-maplibre/install-current/include/mbgl/shaders/gl/location_indicator.hpp
-- Installing: /workspace/shared/m10-maplibre/install-current/include/mbgl/shaders/gl/fill_pattern.hpp
-- Installing: /workspace/shared/m10-maplibre/install-current/include/mbgl/shaders/gl/raster.hpp
-- Installing: /workspace/shared/m10-maplibre/install-current/include/mbgl/shaders/gl/hillshade_prepare.hpp
-- Installing: /workspace/shared/m10-maplibre/install-current/include/mbgl/shaders/gl/background.hpp
-- Installing: /workspace/shared/m10-maplibre/install-current/include/mbgl/shaders/color_relief_layer_ubo.hpp
-- Installing: /workspace/shared/m10-maplibre/install-current/include/mbgl/shaders/shader_defines.hpp
-- Installing: /workspace/shared/m10-maplibre/install-current/include/mbgl/shaders/heatmap_layer_ubo.hpp
-- Installing: /workspace/shared/m10-maplibre/install-current/include/mbgl/shaders/shader_manifest.hpp
-- Installing: /workspace/shared/m10-maplibre/install-current/include/mbgl/shaders/layer_ubo.hpp
-- Installing: /workspace/shared/m10-maplibre/install-current/include/mbgl/shaders/raster_layer_ubo.hpp
-- Installing: /workspace/shared/m10-maplibre/install-current/include/mbgl/shaders/background_layer_ubo.hpp
-- Installing: /workspace/shared/m10-maplibre/install-current/include/mbgl/shaders/shader_source.hpp
-- Installing: /workspace/shared/m10-maplibre/install-current/include/mbgl/shaders/webgpu
-- Installing: /workspace/shared/m10-maplibre/install-current/include/mbgl/shaders/webgpu/color_relief.hpp
-- Installing: /workspace/shared/m10-maplibre/install-current/include/mbgl/shaders/webgpu/circle.hpp
-- Installing: /workspace/shared/m10-maplibre/install-current/include/mbgl/shaders/webgpu/debug.hpp
-- Installing: /workspace/shared/m10-maplibre/install-current/include/mbgl/shaders/webgpu/wgsl_preprocessor.hpp
-- Installing: /workspace/shared/m10-maplibre/install-current/include/mbgl/shaders/webgpu/widevector.hpp
-- Installing: /workspace/shared/m10-maplibre/install-current/include/mbgl/shaders/webgpu/fill.hpp
-- Installing: /workspace/shared/m10-maplibre/install-current/include/mbgl/shaders/webgpu/shader_group.hpp
-- Installing: /workspace/shared/m10-maplibre/install-current/include/mbgl/shaders/webgpu/custom_symbol_icon.hpp
-- Installing: /workspace/shared/m10-maplibre/install-current/include/mbgl/shaders/webgpu/heatmap_texture.hpp
-- Installing: /workspace/shared/m10-maplibre/install-current/include/mbgl/shaders/webgpu/shader_program.hpp
-- Installing: /workspace/shared/m10-maplibre/install-current/include/mbgl/shaders/webgpu/hillshade.hpp
-- Installing: /workspace/shared/m10-maplibre/install-current/include/mbgl/shaders/webgpu/fill_extrusion.hpp
-- Installing: /workspace/shared/m10-maplibre/install-current/include/mbgl/shaders/webgpu/custom_geometry.hpp
-- Installing: /workspace/shared/m10-maplibre/install-current/include/mbgl/shaders/webgpu/common.hpp
-- Installing: /workspace/shared/m10-maplibre/install-current/include/mbgl/shaders/webgpu/collision.hpp
-- Installing: /workspace/shared/m10-maplibre/install-current/include/mbgl/shaders/webgpu/heatmap.hpp
-- Installing: /workspace/shared/m10-maplibre/install-current/include/mbgl/shaders/webgpu/line.hpp
-- Installing: /workspace/shared/m10-maplibre/install-current/include/mbgl/shaders/webgpu/clipping_mask.hpp
-- Installing: /workspace/shared/m10-maplibre/install-current/include/mbgl/shaders/webgpu/location_indicator.hpp
-- Installing: /workspace/shared/m10-maplibre/install-current/include/mbgl/shaders/webgpu/raster.hpp
-- Installing: /workspace/shared/m10-maplibre/install-current/include/mbgl/shaders/webgpu/hillshade_prepare.hpp
-- Installing: /workspace/shared/m10-maplibre/install-current/include/mbgl/shaders/webgpu/symbol.hpp
-- Installing: /workspace/shared/m10-maplibre/install-current/include/mbgl/shaders/webgpu/background.hpp
-- Installing: /workspace/shared/m10-maplibre/install-current/include/mbgl/shaders/shader_program_base.hpp
-- Installing: /workspace/shared/m10-maplibre/install-current/include/mbgl/shaders/program_parameters.hpp
-- Installing: /workspace/shared/m10-maplibre/install-current/include/mbgl/shaders/custom_drawable_layer_ubo.hpp
-- Installing: /workspace/shared/m10-maplibre/install-current/include/mbgl/shaders/fill_layer_ubo.hpp
-- Installing: /workspace/shared/m10-maplibre/install-current/include/mbgl/shaders/line_layer_ubo.hpp
-- Installing: /workspace/shared/m10-maplibre/install-current/include/mbgl/gl
-- Installing: /workspace/shared/m10-maplibre/install-current/include/mbgl/gl/layer_group_gl.hpp
-- Installing: /workspace/shared/m10-maplibre/install-current/include/mbgl/gl/renderer_backend.hpp
-- Installing: /workspace/shared/m10-maplibre/install-current/include/mbgl/gl/texture2d.hpp
-- Installing: /workspace/shared/m10-maplibre/install-current/include/mbgl/gl/uniform_buffer_gl.hpp
-- Installing: /workspace/shared/m10-maplibre/install-current/include/mbgl/gl/vertex_attribute_gl.hpp
-- Installing: /workspace/shared/m10-maplibre/install-current/include/mbgl/gl/drawable_gl_builder.hpp
-- Installing: /workspace/shared/m10-maplibre/install-current/include/mbgl/gl/renderable_resource.hpp
-- Installing: /workspace/shared/m10-maplibre/install-current/include/mbgl/gl/buffer_allocator.hpp
-- Installing: /workspace/shared/m10-maplibre/install-current/include/mbgl/gl/dynamic_texture.hpp
-- Installing: /workspace/shared/m10-maplibre/install-current/include/mbgl/gl/drawable_gl.hpp
-- Installing: /workspace/shared/m10-maplibre/install-current/include/mbgl/math
-- Installing: /workspace/shared/m10-maplibre/install-current/include/mbgl/math/log2.hpp
-- Installing: /workspace/shared/m10-maplibre/install-current/include/mbgl/math/wrap.hpp
-- Installing: /workspace/shared/m10-maplibre/install-current/include/mbgl/math/clamp.hpp
-- Installing: /workspace/shared/m10-maplibre/install-current/include/mbgl/math/minmax.hpp
-- Installing: /workspace/shared/m10-maplibre/install-current/include/mbgl/math/angles.hpp
-- Installing: /workspace/shared/m10-maplibre/install-current/include/mbgl/style
-- Installing: /workspace/shared/m10-maplibre/install-current/include/mbgl/style/layer_properties.hpp
-- Installing: /workspace/shared/m10-maplibre/install-current/include/mbgl/style/variable_anchor_offset_collection.hpp
-- Installing: /workspace/shared/m10-maplibre/install-current/include/mbgl/style/light.hpp.ejs
-- Installing: /workspace/shared/m10-maplibre/install-current/include/mbgl/style/rotation.hpp
-- Installing: /workspace/shared/m10-maplibre/install-current/include/mbgl/style/property_expression.hpp
-- Installing: /workspace/shared/m10-maplibre/install-current/include/mbgl/style/conversion_impl.hpp
-- Installing: /workspace/shared/m10-maplibre/install-current/include/mbgl/style/types.hpp
-- Installing: /workspace/shared/m10-maplibre/install-current/include/mbgl/style/image.hpp
-- Installing: /workspace/shared/m10-maplibre/install-current/include/mbgl/style/position.hpp
-- Installing: /workspace/shared/m10-maplibre/install-current/include/mbgl/style/color_ramp_property_value.hpp
-- Installing: /workspace/shared/m10-maplibre/install-current/include/mbgl/style/expression
-- Installing: /workspace/shared/m10-maplibre/install-current/include/mbgl/style/expression/coercion.hpp
-- Installing: /workspace/shared/m10-maplibre/install-current/include/mbgl/style/expression/boolean_operator.hpp
-- Installing: /workspace/shared/m10-maplibre/install-current/include/mbgl/style/expression/get_covering_stops.hpp
-- Installing: /workspace/shared/m10-maplibre/install-current/include/mbgl/style/expression/at.hpp
-- Installing: /workspace/shared/m10-maplibre/install-current/include/mbgl/style/expression/type.hpp
-- Installing: /workspace/shared/m10-maplibre/install-current/include/mbgl/style/expression/case.hpp
-- Installing: /workspace/shared/m10-maplibre/install-current/include/mbgl/style/expression/comparison.hpp
-- Installing: /workspace/shared/m10-maplibre/install-current/include/mbgl/style/expression/coalesce.hpp
-- Installing: /workspace/shared/m10-maplibre/install-current/include/mbgl/style/expression/interpolate.hpp
-- Installing: /workspace/shared/m10-maplibre/install-current/include/mbgl/style/expression/format_section_override.hpp
-- Installing: /workspace/shared/m10-maplibre/install-current/include/mbgl/style/expression/within.hpp
-- Installing: /workspace/shared/m10-maplibre/install-current/include/mbgl/style/expression/in.hpp
-- Installing: /workspace/shared/m10-maplibre/install-current/include/mbgl/style/expression/collator.hpp
-- Installing: /workspace/shared/m10-maplibre/install-current/include/mbgl/style/expression/collator_expression.hpp
-- Installing: /workspace/shared/m10-maplibre/install-current/include/mbgl/style/expression/slice.hpp
-- Installing: /workspace/shared/m10-maplibre/install-current/include/mbgl/style/expression/error.hpp
-- Installing: /workspace/shared/m10-maplibre/install-current/include/mbgl/style/expression/expression.hpp
-- Installing: /workspace/shared/m10-maplibre/install-current/include/mbgl/style/expression/compound_expression.hpp
-- Installing: /workspace/shared/m10-maplibre/install-current/include/mbgl/style/expression/formatted.hpp
-- Installing: /workspace/shared/m10-maplibre/install-current/include/mbgl/style/expression/check_subtype.hpp
-- Installing: /workspace/shared/m10-maplibre/install-current/include/mbgl/style/expression/interpolator.hpp
-- Installing: /workspace/shared/m10-maplibre/install-current/include/mbgl/style/expression/length.hpp
-- Installing: /workspace/shared/m10-maplibre/install-current/include/mbgl/style/expression/dsl.hpp
-- Installing: /workspace/shared/m10-maplibre/install-current/include/mbgl/style/expression/value.hpp
-- Installing: /workspace/shared/m10-maplibre/install-current/include/mbgl/style/expression/distance.hpp
-- Installing: /workspace/shared/m10-maplibre/install-current/include/mbgl/style/expression/parsing_context.hpp
-- Installing: /workspace/shared/m10-maplibre/install-current/include/mbgl/style/expression/literal.hpp
-- Installing: /workspace/shared/m10-maplibre/install-current/include/mbgl/style/expression/image.hpp
-- Installing: /workspace/shared/m10-maplibre/install-current/include/mbgl/style/expression/image_expression.hpp
-- Installing: /workspace/shared/m10-maplibre/install-current/include/mbgl/style/expression/index_of.hpp
-- Installing: /workspace/shared/m10-maplibre/install-current/include/mbgl/style/expression/let.hpp
-- Installing: /workspace/shared/m10-maplibre/install-current/include/mbgl/style/expression/is_expression.hpp
-- Installing: /workspace/shared/m10-maplibre/install-current/include/mbgl/style/expression/number_format.hpp
-- Installing: /workspace/shared/m10-maplibre/install-current/include/mbgl/style/expression/assertion.hpp
-- Installing: /workspace/shared/m10-maplibre/install-current/include/mbgl/style/expression/match.hpp
-- Installing: /workspace/shared/m10-maplibre/install-current/include/mbgl/style/expression/is_constant.hpp
-- Installing: /workspace/shared/m10-maplibre/install-current/include/mbgl/style/expression/step.hpp
-- Installing: /workspace/shared/m10-maplibre/install-current/include/mbgl/style/expression/find_zoom_curve.hpp
-- Installing: /workspace/shared/m10-maplibre/install-current/include/mbgl/style/expression/format_expression.hpp
-- Installing: /workspace/shared/m10-maplibre/install-current/include/mbgl/style/light.hpp
-- Installing: /workspace/shared/m10-maplibre/install-current/include/mbgl/style/property_value.hpp
-- Installing: /workspace/shared/m10-maplibre/install-current/include/mbgl/style/layer.hpp
-- Installing: /workspace/shared/m10-maplibre/install-current/include/mbgl/style/sprite.hpp
-- Installing: /workspace/shared/m10-maplibre/install-current/include/mbgl/style/style.hpp
-- Installing: /workspace/shared/m10-maplibre/install-current/include/mbgl/style/style_property.hpp
-- Installing: /workspace/shared/m10-maplibre/install-current/include/mbgl/style/filter.hpp
-- Installing: /workspace/shared/m10-maplibre/install-current/include/mbgl/style/conversion
-- Installing: /workspace/shared/m10-maplibre/install-current/include/mbgl/style/conversion/geojson_options.hpp
-- Installing: /workspace/shared/m10-maplibre/install-current/include/mbgl/style/conversion/custom_geometry_source_options.hpp
-- Installing: /workspace/shared/m10-maplibre/install-current/include/mbgl/style/conversion/rotation.hpp
-- Installing: /workspace/shared/m10-maplibre/install-current/include/mbgl/style/conversion/function.hpp
-- Installing: /workspace/shared/m10-maplibre/install-current/include/mbgl/style/conversion/position.hpp
-- Installing: /workspace/shared/m10-maplibre/install-current/include/mbgl/style/conversion/color_ramp_property_value.hpp
-- Installing: /workspace/shared/m10-maplibre/install-current/include/mbgl/style/conversion/light.hpp
-- Installing: /workspace/shared/m10-maplibre/install-current/include/mbgl/style/conversion/constant.hpp
-- Installing: /workspace/shared/m10-maplibre/install-current/include/mbgl/style/conversion/property_value.hpp
-- Installing: /workspace/shared/m10-maplibre/install-current/include/mbgl/style/conversion/layer.hpp
-- Installing: /workspace/shared/m10-maplibre/install-current/include/mbgl/style/conversion/get_json_type.hpp
-- Installing: /workspace/shared/m10-maplibre/install-current/include/mbgl/style/conversion/filter.hpp
-- Installing: /workspace/shared/m10-maplibre/install-current/include/mbgl/style/conversion/geojson.hpp
-- Installing: /workspace/shared/m10-maplibre/install-current/include/mbgl/style/conversion/tileset.hpp
-- Installing: /workspace/shared/m10-maplibre/install-current/include/mbgl/style/conversion/source_options.hpp
-- Installing: /workspace/shared/m10-maplibre/install-current/include/mbgl/style/conversion/source.hpp
-- Installing: /workspace/shared/m10-maplibre/install-current/include/mbgl/style/conversion/transition_options.hpp
-- Installing: /workspace/shared/m10-maplibre/install-current/include/mbgl/style/conversion/coordinate.hpp
-- Installing: /workspace/shared/m10-maplibre/install-current/include/mbgl/style/sources
-- Installing: /workspace/shared/m10-maplibre/install-current/include/mbgl/style/sources/geojson_source.hpp
-- Installing: /workspace/shared/m10-maplibre/install-current/include/mbgl/style/sources/tile_source.hpp
-- Installing: /workspace/shared/m10-maplibre/install-current/include/mbgl/style/sources/raster_dem_source.hpp
-- Installing: /workspace/shared/m10-maplibre/install-current/include/mbgl/style/sources/vector_source.hpp
-- Installing: /workspace/shared/m10-maplibre/install-current/include/mbgl/style/sources/image_source.hpp
-- Installing: /workspace/shared/m10-maplibre/install-current/include/mbgl/style/sources/raster_source.hpp
-- Installing: /workspace/shared/m10-maplibre/install-current/include/mbgl/style/sources/custom_geometry_source.hpp
-- Installing: /workspace/shared/m10-maplibre/install-current/include/mbgl/style/undefined.hpp
-- Installing: /workspace/shared/m10-maplibre/install-current/include/mbgl/style/source.hpp
-- Installing: /workspace/shared/m10-maplibre/install-current/include/mbgl/style/transition_options.hpp
-- Installing: /workspace/shared/m10-maplibre/install-current/include/mbgl/style/conversion.hpp
-- Installing: /workspace/shared/m10-maplibre/install-current/include/mbgl/style/layers
-- Installing: /workspace/shared/m10-maplibre/install-current/include/mbgl/style/layers/location_indicator_layer.hpp
-- Installing: /workspace/shared/m10-maplibre/install-current/include/mbgl/style/layers/mtl
-- Installing: /workspace/shared/m10-maplibre/install-current/include/mbgl/style/layers/mtl/custom_layer_render_parameters.hpp
-- Installing: /workspace/shared/m10-maplibre/install-current/include/mbgl/style/layers/vulkan
-- Installing: /workspace/shared/m10-maplibre/install-current/include/mbgl/style/layers/vulkan/custom_layer_render_parameters.hpp
-- Installing: /workspace/shared/m10-maplibre/install-current/include/mbgl/style/layers/vulkan/custom_layer_init_parameters.hpp
-- Installing: /workspace/shared/m10-maplibre/install-current/include/mbgl/style/layers/raster_layer.hpp
-- Installing: /workspace/shared/m10-maplibre/install-current/include/mbgl/style/layers/color_relief_layer.hpp
-- Installing: /workspace/shared/m10-maplibre/install-current/include/mbgl/style/layers/custom_layer.hpp
-- Installing: /workspace/shared/m10-maplibre/install-current/include/mbgl/style/layers/background_layer.hpp
-- Installing: /workspace/shared/m10-maplibre/install-current/include/mbgl/style/layers/fill_extrusion_layer.hpp
-- Installing: /workspace/shared/m10-maplibre/install-current/include/mbgl/style/layers/line_layer.hpp
-- Installing: /workspace/shared/m10-maplibre/install-current/include/mbgl/style/layers/heatmap_layer.hpp
-- Installing: /workspace/shared/m10-maplibre/install-current/include/mbgl/style/layers/custom_drawable_layer.hpp
-- Installing: /workspace/shared/m10-maplibre/install-current/include/mbgl/style/layers/symbol_layer.hpp
-- Installing: /workspace/shared/m10-maplibre/install-current/include/mbgl/style/layers/fill_layer.hpp
-- Installing: /workspace/shared/m10-maplibre/install-current/include/mbgl/style/layers/custom_layer_host.hpp
-- Installing: /workspace/shared/m10-maplibre/install-current/include/mbgl/style/layers/hillshade_layer.hpp
-- Installing: /workspace/shared/m10-maplibre/install-current/include/mbgl/style/layers/circle_layer.hpp
-- Installing: /workspace/shared/m10-maplibre/install-current/include/mbgl/style/layers/layer.hpp.ejs
-- Installing: /workspace/shared/m10-maplibre/install-current/include/mbgl/style/layers/custom_layer_render_parameters.hpp
-- Installing: /workspace/shared/m10-maplibre/install-current/include/mbgl/style/layers/custom_layer_init_parameters.hpp
-- Installing: /workspace/shared/m10-maplibre/install-current/include/mbgl/util
-- Installing: /workspace/shared/m10-maplibre/install-current/include/mbgl/util/async_request.hpp
-- Installing: /workspace/shared/m10-maplibre/install-current/include/mbgl/util/vectors.hpp
-- Installing: /workspace/shared/m10-maplibre/install-current/include/mbgl/util/rect.hpp
-- Installing: /workspace/shared/m10-maplibre/install-current/include/mbgl/util/util.hpp
-- Installing: /workspace/shared/m10-maplibre/install-current/include/mbgl/util/string.hpp
-- Installing: /workspace/shared/m10-maplibre/install-current/include/mbgl/util/interpolate.hpp
-- Installing: /workspace/shared/m10-maplibre/install-current/include/mbgl/util/action_journal_options.hpp
-- Installing: /workspace/shared/m10-maplibre/install-current/include/mbgl/util/logging.hpp
-- Installing: /workspace/shared/m10-maplibre/install-current/include/mbgl/util/default_style.hpp
-- Installing: /workspace/shared/m10-maplibre/install-current/include/mbgl/util/run_loop.hpp
-- Installing: /workspace/shared/m10-maplibre/install-current/include/mbgl/util/projection.hpp
-- Installing: /workspace/shared/m10-maplibre/install-current/include/mbgl/util/bitmask_operations.hpp
-- Installing: /workspace/shared/m10-maplibre/install-current/include/mbgl/util/color.hpp
-- Installing: /workspace/shared/m10-maplibre/install-current/include/mbgl/util/tile_server_options.hpp
-- Installing: /workspace/shared/m10-maplibre/install-current/include/mbgl/util/char_array_buffer.hpp
-- Installing: /workspace/shared/m10-maplibre/install-current/include/mbgl/util/font_stack.hpp
-- Installing: /workspace/shared/m10-maplibre/install-current/include/mbgl/util/immutable.hpp
-- Installing: /workspace/shared/m10-maplibre/install-current/include/mbgl/util/unitbezier.hpp
-- Installing: /workspace/shared/m10-maplibre/install-current/include/mbgl/util/action_journal.hpp
-- Installing: /workspace/shared/m10-maplibre/install-current/include/mbgl/util/ignore.hpp
-- Installing: /workspace/shared/m10-maplibre/install-current/include/mbgl/util/enum.hpp
-- Installing: /workspace/shared/m10-maplibre/install-current/include/mbgl/util/compression.hpp
-- Installing: /workspace/shared/m10-maplibre/install-current/include/mbgl/util/padding.hpp
-- Installing: /workspace/shared/m10-maplibre/install-current/include/mbgl/util/traits.hpp
-- Installing: /workspace/shared/m10-maplibre/install-current/include/mbgl/util/image.hpp
-- Installing: /workspace/shared/m10-maplibre/install-current/include/mbgl/util/suppress_copies.hpp
-- Installing: /workspace/shared/m10-maplibre/install-current/include/mbgl/util/hash.hpp
-- Installing: /workspace/shared/m10-maplibre/install-current/include/mbgl/util/instrumentation.hpp
-- Installing: /workspace/shared/m10-maplibre/install-current/include/mbgl/util/size.hpp
-- Installing: /workspace/shared/m10-maplibre/install-current/include/mbgl/util/exception.hpp
-- Installing: /workspace/shared/m10-maplibre/install-current/include/mbgl/util/platform.hpp
-- Installing: /workspace/shared/m10-maplibre/install-current/include/mbgl/util/chrono.hpp
-- Installing: /workspace/shared/m10-maplibre/install-current/include/mbgl/util/string_indexer.hpp
-- Installing: /workspace/shared/m10-maplibre/install-current/include/mbgl/util/feature.hpp
-- Installing: /workspace/shared/m10-maplibre/install-current/include/mbgl/util/event.hpp
-- Installing: /workspace/shared/m10-maplibre/install-current/include/mbgl/util/lru_cache.hpp
-- Installing: /workspace/shared/m10-maplibre/install-current/include/mbgl/util/work_task.hpp
-- Installing: /workspace/shared/m10-maplibre/install-current/include/mbgl/util/convert.hpp
-- Installing: /workspace/shared/m10-maplibre/install-current/include/mbgl/util/identity.hpp
-- Installing: /workspace/shared/m10-maplibre/install-current/include/mbgl/util/expected.hpp
-- Installing: /workspace/shared/m10-maplibre/install-current/include/mbgl/util/noncopyable.hpp
-- Installing: /workspace/shared/m10-maplibre/install-current/include/mbgl/util/range.hpp
-- Installing: /workspace/shared/m10-maplibre/install-current/include/mbgl/util/client_options.hpp
-- Installing: /workspace/shared/m10-maplibre/install-current/include/mbgl/util/premultiply.hpp
-- Installing: /workspace/shared/m10-maplibre/install-current/include/mbgl/util/tiny_unordered_map.hpp
-- Installing: /workspace/shared/m10-maplibre/install-current/include/mbgl/util/scoped.hpp
-- Installing: /workspace/shared/m10-maplibre/install-current/include/mbgl/util/geojson.hpp
-- Installing: /workspace/shared/m10-maplibre/install-current/include/mbgl/util/tileset.hpp
-- Installing: /workspace/shared/m10-maplibre/install-current/include/mbgl/util/work_task_impl.hpp
-- Installing: /workspace/shared/m10-maplibre/install-current/include/mbgl/util/geo.hpp
-- Installing: /workspace/shared/m10-maplibre/install-current/include/mbgl/util/monotonic_timer.hpp
-- Installing: /workspace/shared/m10-maplibre/install-current/include/mbgl/util/work_request.hpp
-- Installing: /workspace/shared/m10-maplibre/install-current/include/mbgl/util/thread.hpp
-- Installing: /workspace/shared/m10-maplibre/install-current/include/mbgl/util/geometry.hpp
-- Installing: /workspace/shared/m10-maplibre/install-current/include/mbgl/util/variant.hpp
-- Installing: /workspace/shared/m10-maplibre/install-current/include/mbgl/util/indexed_tuple.hpp
-- Installing: /workspace/shared/m10-maplibre/install-current/include/mbgl/util/constants.hpp
-- Installing: /workspace/shared/m10-maplibre/install-current/include/mbgl/util/type_list.hpp
-- Installing: /workspace/shared/m10-maplibre/install-current/include/mbgl/util/containers.hpp
-- Installing: /workspace/shared/m10-maplibre/install-current/include/mbgl/util/async_task.hpp
-- Installing: /workspace/shared/m10-maplibre/install-current/include/mbgl/util/timer.hpp
-- Installing: /workspace/shared/m10-maplibre/install-current/include/mbgl/webgpu
-- Installing: /workspace/shared/m10-maplibre/install-current/include/mbgl/webgpu/context.hpp
-- Installing: /workspace/shared/m10-maplibre/install-current/include/mbgl/webgpu/render_pass.hpp
-- Installing: /workspace/shared/m10-maplibre/install-current/include/mbgl/webgpu/renderer_backend.hpp
-- Installing: /workspace/shared/m10-maplibre/install-current/include/mbgl/webgpu/texture2d.hpp
-- Installing: /workspace/shared/m10-maplibre/install-current/include/mbgl/webgpu/layer_group.hpp
-- Installing: /workspace/shared/m10-maplibre/install-current/include/mbgl/webgpu/vertex_buffer_resource.hpp
-- Installing: /workspace/shared/m10-maplibre/install-current/include/mbgl/webgpu/command_encoder.hpp
-- Installing: /workspace/shared/m10-maplibre/install-current/include/mbgl/webgpu/upload_pass.hpp
-- Installing: /workspace/shared/m10-maplibre/install-current/include/mbgl/webgpu/tile_layer_group.hpp
-- Installing: /workspace/shared/m10-maplibre/install-current/include/mbgl/webgpu/buffer_resource.hpp
-- Installing: /workspace/shared/m10-maplibre/install-current/include/mbgl/webgpu/draw_scope_resource.hpp
-- Installing: /workspace/shared/m10-maplibre/install-current/include/mbgl/webgpu/renderable_resource.hpp
-- Installing: /workspace/shared/m10-maplibre/install-current/include/mbgl/webgpu/offscreen_texture.hpp
-- Installing: /workspace/shared/m10-maplibre/install-current/include/mbgl/webgpu/drawable.hpp
-- Installing: /workspace/shared/m10-maplibre/install-current/include/mbgl/webgpu/dynamic_texture.hpp
-- Installing: /workspace/shared/m10-maplibre/install-current/include/mbgl/webgpu/drawable_builder.hpp
-- Installing: /workspace/shared/m10-maplibre/install-current/include/mbgl/webgpu/index_buffer_resource.hpp
-- Installing: /workspace/shared/m10-maplibre/install-current/include/mbgl/webgpu/wgpu_cpp_compat.hpp
-- Installing: /workspace/shared/m10-maplibre/install-current/include/mbgl/webgpu/uniform_buffer.hpp
-- Installing: /workspace/shared/m10-maplibre/install-current/include/mbgl/webgpu/vertex_attribute.hpp
-- Installing: /workspace/shared/m10-maplibre/install-current/include/mbgl/map
-- Installing: /workspace/shared/m10-maplibre/install-current/include/mbgl/map/change.hpp
-- Installing: /workspace/shared/m10-maplibre/install-current/include/mbgl/map/bound_options.hpp
-- Installing: /workspace/shared/m10-maplibre/install-current/include/mbgl/map/camera.hpp
-- Installing: /workspace/shared/m10-maplibre/install-current/include/mbgl/map/map_observer.hpp
-- Installing: /workspace/shared/m10-maplibre/install-current/include/mbgl/map/map.hpp
-- Installing: /workspace/shared/m10-maplibre/install-current/include/mbgl/map/map_options.hpp
-- Installing: /workspace/shared/m10-maplibre/install-current/include/mbgl/map/mode.hpp
-- Installing: /workspace/shared/m10-maplibre/install-current/include/mbgl/map/map_projection.hpp
-- Installing: /workspace/shared/m10-maplibre/install-current/include/mbgl/map/projection_mode.hpp
-- Installing: /workspace/shared/m10-maplibre/install-current/include/mbgl/tile
-- Installing: /workspace/shared/m10-maplibre/install-current/include/mbgl/tile/tile_operation.hpp
-- Installing: /workspace/shared/m10-maplibre/install-current/include/mbgl/tile/tile_id.hpp
-- Installing: /workspace/shared/m10-maplibre/install-current/include/mbgl/tile/tile_necessity.hpp
-- Installing: /workspace/shared/m10-maplibre/install-current/include/mbgl/annotation
-- Installing: /workspace/shared/m10-maplibre/install-current/include/mbgl/annotation/annotation.hpp
-- Installing: /workspace/shared/m10-maplibre/install-current/include/mbgl/storage
-- Installing: /workspace/shared/m10-maplibre/install-current/include/mbgl/storage/resource.hpp
-- Installing: /workspace/shared/m10-maplibre/install-current/include/mbgl/storage/network_status.hpp
-- Installing: /workspace/shared/m10-maplibre/install-current/include/mbgl/storage/resource_transform.hpp
-- Installing: /workspace/shared/m10-maplibre/install-current/include/mbgl/storage/file_source_manager.hpp
-- Installing: /workspace/shared/m10-maplibre/install-current/include/mbgl/storage/response.hpp
-- Installing: /workspace/shared/m10-maplibre/install-current/include/mbgl/storage/file_source.hpp
-- Installing: /workspace/shared/m10-maplibre/install-current/include/mbgl/storage/offline.hpp
-- Installing: /workspace/shared/m10-maplibre/install-current/include/mbgl/storage/resource_options.hpp
-- Installing: /workspace/shared/m10-maplibre/install-current/include/mbgl/storage/online_file_source.hpp
-- Installing: /workspace/shared/m10-maplibre/install-current/include/mbgl/storage/database_file_source.hpp
-- Installing: /workspace/shared/m10-maplibre/install-current/lib/libQMapLibre.so.4.0.0
-- Installing: /workspace/shared/m10-maplibre/install-current/lib/libQMapLibre.so.4
-- Set non-toolchain portion of runtime path of "/workspace/shared/m10-maplibre/install-current/lib/libQMapLibre.so.4.0.0" to "/workspace/shared/m10-maplibre/sysroot/usr/lib/x86_64-linux-gnu:/workspace/shared/hdb-toolchain/sysroot/usr/lib/x86_64-linux-gnu:/workspace/shared/hdb-toolchain/Qt/6.12.0/gcc_64/lib:$ORIGIN"
-- Installing: /workspace/shared/m10-maplibre/install-current/lib/libQMapLibre.so
-- Installing: /workspace/shared/m10-maplibre/install-current/include/QMapLibre/qmaplibre.hpp
-- Installing: /workspace/shared/m10-maplibre/install-current/include/QMapLibre/export_core.hpp
-- Installing: /workspace/shared/m10-maplibre/install-current/include/QMapLibre/map.hpp
-- Installing: /workspace/shared/m10-maplibre/install-current/include/QMapLibre/settings.hpp
-- Installing: /workspace/shared/m10-maplibre/install-current/include/QMapLibre/types.hpp
-- Installing: /workspace/shared/m10-maplibre/install-current/include/QMapLibre/utils.hpp
-- Installing: /workspace/shared/m10-maplibre/install-current/include/QMapLibre/style_parameter.hpp
-- Installing: /workspace/shared/m10-maplibre/install-current/include/QMapLibre/filter_parameter.hpp
-- Installing: /workspace/shared/m10-maplibre/install-current/include/QMapLibre/image_parameter.hpp
-- Installing: /workspace/shared/m10-maplibre/install-current/include/QMapLibre/layer_parameter.hpp
-- Installing: /workspace/shared/m10-maplibre/install-current/include/QMapLibre/source_parameter.hpp
-- Installing: /workspace/shared/m10-maplibre/install-current/include/QMapLibre/QMapLibre
-- Installing: /workspace/shared/m10-maplibre/install-current/include/QMapLibre/Export
-- Installing: /workspace/shared/m10-maplibre/install-current/include/QMapLibre/Map
-- Installing: /workspace/shared/m10-maplibre/install-current/include/QMapLibre/Settings
-- Installing: /workspace/shared/m10-maplibre/install-current/include/QMapLibre/Types
-- Installing: /workspace/shared/m10-maplibre/install-current/include/QMapLibre/Utils
-- Installing: /workspace/shared/m10-maplibre/install-current/include/QMapLibre/StyleParameter
-- Installing: /workspace/shared/m10-maplibre/install-current/include/QMapLibre/FilterParameter
-- Installing: /workspace/shared/m10-maplibre/install-current/include/QMapLibre/ImageParameter
-- Installing: /workspace/shared/m10-maplibre/install-current/include/QMapLibre/LayerParameter
-- Installing: /workspace/shared/m10-maplibre/install-current/include/QMapLibre/SourceParameter
-- Installing: /workspace/shared/m10-maplibre/install-current/lib/cmake/QMapLibre/QMapLibreQuickPrivateTargets.cmake
-- Installing: /workspace/shared/m10-maplibre/install-current/lib/cmake/QMapLibre/QMapLibreQuickPrivateTargets-release.cmake
-- Installing: /workspace/shared/m10-maplibre/install-current/lib/libQMapLibreQuickPrivate.so.4.0.0
-- Installing: /workspace/shared/m10-maplibre/install-current/lib/libQMapLibreQuickPrivate.so.4
-- Set non-toolchain portion of runtime path of "/workspace/shared/m10-maplibre/install-current/lib/libQMapLibreQuickPrivate.so.4.0.0" to "/workspace/shared/m10-maplibre/sysroot/usr/lib/x86_64-linux-gnu:/workspace/shared/hdb-toolchain/sysroot/usr/lib/x86_64-linux-gnu:/workspace/shared/hdb-toolchain/Qt/6.12.0/gcc_64/lib:$ORIGIN"
-- Installing: /workspace/shared/m10-maplibre/install-current/lib/libQMapLibreQuickPrivate.so
-- Installing: /workspace/shared/m10-maplibre/install-current/lib/cmake/QMapLibre/QMapLibreQuickMacros.cmake
-- Installing: /workspace/shared/m10-maplibre/install-current/lib/cmake/QMapLibre/QMapLibreQuickPluginQmlTargets.cmake
-- Installing: /workspace/shared/m10-maplibre/install-current/lib/cmake/QMapLibre/QMapLibreQuickPluginQmlTargets-release.cmake
-- Installing: /workspace/shared/m10-maplibre/install-current/qml/MapLibre/libdeclarative_maplibre.so
-- Set non-toolchain portion of runtime path of "/workspace/shared/m10-maplibre/install-current/qml/MapLibre/libdeclarative_maplibre.so" to "/workspace/shared/m10-maplibre/sysroot/usr/lib/x86_64-linux-gnu:/workspace/shared/hdb-toolchain/sysroot/usr/lib/x86_64-linux-gnu:/workspace/shared/hdb-toolchain/Qt/6.12.0/gcc_64/lib:$ORIGIN"
-- Installing: /workspace/shared/m10-maplibre/install-current/qml/MapLibre/qmldir
-- Installing: /workspace/shared/m10-maplibre/install-current/qml/MapLibre/declarative_maplibre.qmltypes
-- Installing: /workspace/shared/m10-maplibre/install-current/lib/cmake/QMapLibre/QMapLibreLocationTargets.cmake
-- Installing: /workspace/shared/m10-maplibre/install-current/lib/cmake/QMapLibre/QMapLibreLocationTargets-release.cmake
-- Installing: /workspace/shared/m10-maplibre/install-current/lib/libQMapLibreLocation.so.4.0.0
-- Installing: /workspace/shared/m10-maplibre/install-current/lib/libQMapLibreLocation.so.4
-- Set non-toolchain portion of runtime path of "/workspace/shared/m10-maplibre/install-current/lib/libQMapLibreLocation.so.4.0.0" to "/workspace/shared/m10-maplibre/sysroot/usr/lib/x86_64-linux-gnu:/workspace/shared/hdb-toolchain/sysroot/usr/lib/x86_64-linux-gnu:/workspace/shared/hdb-toolchain/Qt/6.12.0/gcc_64/lib:$ORIGIN"
-- Installing: /workspace/shared/m10-maplibre/install-current/lib/libQMapLibreLocation.so
-- Installing: /workspace/shared/m10-maplibre/install-current/lib/cmake/QMapLibre/QMapLibreLocationMacros.cmake
-- Installing: /workspace/shared/m10-maplibre/install-current/lib/cmake/QMapLibre/QMapLibreLocationPluginGeoServicesTargets.cmake
-- Installing: /workspace/shared/m10-maplibre/install-current/lib/cmake/QMapLibre/QMapLibreLocationPluginGeoServicesTargets-release.cmake
-- Installing: /workspace/shared/m10-maplibre/install-current/plugins/geoservices/libqtgeoservices_maplibre.so
-- Set non-toolchain portion of runtime path of "/workspace/shared/m10-maplibre/install-current/plugins/geoservices/libqtgeoservices_maplibre.so" to "/workspace/shared/m10-maplibre/sysroot/usr/lib/x86_64-linux-gnu:/workspace/shared/hdb-toolchain/sysroot/usr/lib/x86_64-linux-gnu:/workspace/shared/hdb-toolchain/Qt/6.12.0/gcc_64/lib:$ORIGIN"
-- Installing: /workspace/shared/m10-maplibre/install-current/lib/cmake/QMapLibre/QMapLibreLocationPluginQmlTargets.cmake
-- Installing: /workspace/shared/m10-maplibre/install-current/lib/cmake/QMapLibre/QMapLibreLocationPluginQmlTargets-release.cmake
-- Installing: /workspace/shared/m10-maplibre/install-current/qml/MapLibre/Location/libdeclarative_maplibre_locationplugin.so
-- Set non-toolchain portion of runtime path of "/workspace/shared/m10-maplibre/install-current/qml/MapLibre/Location/libdeclarative_maplibre_locationplugin.so" to "/workspace/shared/m10-maplibre/sysroot/usr/lib/x86_64-linux-gnu:/workspace/shared/hdb-toolchain/sysroot/usr/lib/x86_64-linux-gnu:/workspace/shared/hdb-toolchain/Qt/6.12.0/gcc_64/lib:$ORIGIN"
-- Installing: /workspace/shared/m10-maplibre/install-current/qml/MapLibre/Location/qmldir
-- Installing: /workspace/shared/m10-maplibre/install-current/qml/MapLibre/Location/declarative_maplibre_locationplugin.qmltypes
-- Installing: /workspace/shared/m10-maplibre/install-current/lib/cmake/QMapLibre/QMapLibreConfig.cmake
-- Installing: /workspace/shared/m10-maplibre/install-current/lib/cmake/QMapLibre/QMapLibreConfigVersion.cmake
