	linux-vdso.so.1 (0x00007fc5c2e79000)
	libQt6Sql.so.6 => /workspace/shared/hdb-toolchain/Qt/6.12.0/gcc_64/lib/libQt6Sql.so.6 (0x00007fc5c2454000)
	libQt6Gui.so.6 => /workspace/shared/hdb-toolchain/Qt/6.12.0/gcc_64/lib/libQt6Gui.so.6 (0x00007fc5c1935000)
	libGLX.so.0 => /workspace/shared/hdb-toolchain/sysroot/usr/lib/x86_64-linux-gnu/libGLX.so.0 (0x00007fc5c1901000)
	libOpenGL.so.0 => /workspace/shared/hdb-toolchain/sysroot/usr/lib/x86_64-linux-gnu/libOpenGL.so.0 (0x00007fc5c18d4000)
	libQt6Network.so.6 => /workspace/shared/hdb-toolchain/Qt/6.12.0/gcc_64/lib/libQt6Network.so.6 (0x00007fc5c16c4000)
	libQt6Core.so.6 => /workspace/shared/hdb-toolchain/Qt/6.12.0/gcc_64/lib/libQt6Core.so.6 (0x00007fc5c0f69000)
	libz.so.1 => /workspace/shared/m10-maplibre/sysroot/usr/lib/x86_64-linux-gnu/libz.so.1 (0x00007fc5c0f49000)
	libicuuc.so.76 => /workspace/shared/m10-maplibre/sysroot/usr/lib/x86_64-linux-gnu/libicuuc.so.76 (0x00007fc5c0d26000)
	libstdc++.so.6 => /lib/x86_64-linux-gnu/libstdc++.so.6 (0x00007fc5c0a9b000)
	libm.so.6 => /lib/x86_64-linux-gnu/libm.so.6 (0x00007fc5c09ab000)
	libgcc_s.so.1 => /lib/x86_64-linux-gnu/libgcc_s.so.1 (0x00007fc5c097e000)
	libc.so.6 => /lib/x86_64-linux-gnu/libc.so.6 (0x00007fc5c078a000)
	/lib64/ld-linux-x86-64.so.2 (0x00007fc5c2e7b000)
	libEGL.so.1 => /workspace/shared/hdb-toolchain/sysroot/usr/lib/x86_64-linux-gnu/libEGL.so.1 (0x00007fc5c0774000)
	libX11.so.6 => /lib/x86_64-linux-gnu/libX11.so.6 (0x00007fc5c062a000)
	libglib-2.0.so.0 => /lib/x86_64-linux-gnu/libglib-2.0.so.0 (0x00007fc5c04d1000)
	libQt6DBus.so.6 => /workspace/shared/hdb-toolchain/Qt/6.12.0/gcc_64/lib/libQt6DBus.so.6 (0x00007fc5c03f6000)
	libxkbcommon.so.0 => /workspace/shared/hdb-toolchain/sysroot/usr/lib/x86_64-linux-gnu/libxkbcommon.so.0 (0x00007fc5c03ab000)
	libGL.so.1 => /workspace/shared/hdb-toolchain/sysroot/usr/lib/x86_64-linux-gnu/libGL.so.1 (0x00007fc5c0324000)
	libfreetype.so.6 => /lib/x86_64-linux-gnu/libfreetype.so.6 (0x00007fc5c0252000)
	libfontconfig.so.1 => /lib/x86_64-linux-gnu/libfontconfig.so.1 (0x00007fc5c0204000)
	libgthread-2.0.so.0 => /lib/x86_64-linux-gnu/libgthread-2.0.so.0 (0x00007fc5c01ff000)
	libGLdispatch.so.0 => /lib/x86_64-linux-gnu/libGLdispatch.so.0 (0x00007fc5c0146000)
	libzstd.so.1 => /lib/x86_64-linux-gnu/libzstd.so.1 (0x00007fc5c007c000)
	libgssapi_krb5.so.2 => /lib/x86_64-linux-gnu/libgssapi_krb5.so.2 (0x00007fc5c0024000)
	libbrotlidec.so.1 => /lib/x86_64-linux-gnu/libbrotlidec.so.1 (0x00007fc5c0016000)
	libbrotlicommon.so.1 => /lib/x86_64-linux-gnu/libbrotlicommon.so.1 (0x00007fc5bfff3000)
	libresolv.so.2 => /lib/x86_64-linux-gnu/libresolv.so.2 (0x00007fc5bffe1000)
	libicui18n.so.73 => /workspace/shared/hdb-toolchain/Qt/6.12.0/gcc_64/lib/libicui18n.so.73 (0x00007fc5bfc92000)
	libicuuc.so.73 => /workspace/shared/hdb-toolchain/Qt/6.12.0/gcc_64/lib/libicuuc.so.73 (0x00007fc5bfa78000)
	libicudata.so.73 => /workspace/shared/hdb-toolchain/Qt/6.12.0/gcc_64/lib/libicudata.so.73 (0x00007fc5bdbea000)
	libicudata.so.76 => /workspace/shared/m10-maplibre/sysroot/usr/lib/x86_64-linux-gnu/libicudata.so.76 (0x00007fc5bbd85000)
	libxcb.so.1 => /lib/x86_64-linux-gnu/libxcb.so.1 (0x00007fc5bbd5a000)
	libatomic.so.1 => /lib/x86_64-linux-gnu/libatomic.so.1 (0x00007fc5bbd50000)
	libpcre2-8.so.0 => /lib/x86_64-linux-gnu/libpcre2-8.so.0 (0x00007fc5bbc9f000)
	libdbus-1.so.3 => /lib/x86_64-linux-gnu/libdbus-1.so.3 (0x00007fc5bbc48000)
	libbz2.so.1.0 => /lib/x86_64-linux-gnu/libbz2.so.1.0 (0x00007fc5bbc35000)
	libpng16.so.16 => /lib/x86_64-linux-gnu/libpng16.so.16 (0x00007fc5bbbfc000)
	libexpat.so.1 => /lib/x86_64-linux-gnu/libexpat.so.1 (0x00007fc5bbbce000)
	libkrb5.so.3 => /lib/x86_64-linux-gnu/libkrb5.so.3 (0x00007fc5bbaf4000)
	libk5crypto.so.3 => /lib/x86_64-linux-gnu/libk5crypto.so.3 (0x00007fc5bbac6000)
	libcom_err.so.2 => /lib/x86_64-linux-gnu/libcom_err.so.2 (0x00007fc5bbac0000)
	libkrb5support.so.0 => /lib/x86_64-linux-gnu/libkrb5support.so.0 (0x00007fc5bbab2000)
	libpthread.so.0 => /lib/x86_64-linux-gnu/libpthread.so.0 (0x00007fc5bbaad000)
	libdl.so.2 => /lib/x86_64-linux-gnu/libdl.so.2 (0x00007fc5bbaa6000)
	libXau.so.6 => /lib/x86_64-linux-gnu/libXau.so.6 (0x00007fc5bbaa1000)
	libXdmcp.so.6 => /lib/x86_64-linux-gnu/libXdmcp.so.6 (0x00007fc5bba99000)
	libsystemd.so.0 => /lib/x86_64-linux-gnu/libsystemd.so.0 (0x00007fc5bb983000)
	libkeyutils.so.1 => /lib/x86_64-linux-gnu/libkeyutils.so.1 (0x00007fc5bb97c000)
	libcap.so.2 => /lib/x86_64-linux-gnu/libcap.so.2 (0x00007fc5bb96e000)
