qt.qpa.theme.gnome: dbus reply error: [ "org.freedesktop.DBus.Error.ServiceUnknown" ] "The name org.freedesktop.portal.Desktop was not provided by any .service files"
qt.qpa.theme.gnome: dbus reply error: [ "org.freedesktop.DBus.Error.ServiceUnknown" ] "The name org.freedesktop.portal.Desktop was not provided by any .service files"
M10_HOST stage=1-full submit_ns=42947821860095 features=7618
M10_MAPLIBRE event=style-loading ns=42947881902507 map=0x7f7719cd1c20 thread=0x7f7743fff6c0 seq=0 source= submittedBytes=-1 submittedFeatures=-1 needsRepaint=-1 placementChanged=-1
[ INFO ]  "{unknown}[General]: GPU Identifier: llvmpipe (LLVM 19.1.7, 256 bits)"
M10_MAPLIBRE event=style-loaded ns=42947953555423 map=0x7f7719cd1c20 thread=0x7f7743fff6c0 seq=0 source= submittedBytes=-1 submittedFeatures=-1 needsRepaint=-1 placementChanged=-1
M10_MAPLIBRE event=frame-start ns=42947953606340 map=0x7f7719cd1c20 thread=0x7f7743fff6c0 seq=0 source= submittedBytes=-1 submittedFeatures=-1 needsRepaint=-1 placementChanged=-1
M10_MAPLIBRE event=frame-partial ns=42947953613128 map=0x7f7719cd1c20 thread=0x7f7743fff6c0 seq=0 source= submittedBytes=-1 submittedFeatures=-1 needsRepaint=0 placementChanged=1
M10_MAPLIBRE event=source-update-enter ns=42947965855829 map=0x7f7719cd1c20 thread=0x7f7743fff6c0 seq=1 source=hdb-addresses submittedBytes=2733353 submittedFeatures=-1 needsRepaint=-1 placementChanged=-1
M10_MAPLIBRE event=source-update-return ns=42948043867662 map=0x7f7719cd1c20 thread=0x7f7743fff6c0 seq=1 source=hdb-addresses submittedBytes=2733353 submittedFeatures=-1 needsRepaint=-1 placementChanged=-1
M10_MAPLIBRE event=frame-start ns=42948061196727 map=0x7f7719cd1c20 thread=0x7f7743fff6c0 seq=0 source= submittedBytes=-1 submittedFeatures=-1 needsRepaint=-1 placementChanged=-1
M10_MAPLIBRE event=frame-partial ns=42948061241705 map=0x7f7719cd1c20 thread=0x7f7743fff6c0 seq=0 source= submittedBytes=-1 submittedFeatures=-1 needsRepaint=1 placementChanged=0
M10_MAPLIBRE event=frame-start ns=42948350031853 map=0x7f7719cd1c20 thread=0x7f7743fff6c0 seq=0 source= submittedBytes=-1 submittedFeatures=-1 needsRepaint=-1 placementChanged=-1
M10_MAPLIBRE event=frame-partial ns=42948350123538 map=0x7f7719cd1c20 thread=0x7f7743fff6c0 seq=0 source= submittedBytes=-1 submittedFeatures=-1 needsRepaint=1 placementChanged=0
M10_MAPLIBRE event=frame-start ns=42948376094700 map=0x7f7719cd1c20 thread=0x7f7743fff6c0 seq=0 source= submittedBytes=-1 submittedFeatures=-1 needsRepaint=-1 placementChanged=-1
M10_MAPLIBRE event=frame-partial ns=42948376143546 map=0x7f7719cd1c20 thread=0x7f7743fff6c0 seq=0 source= submittedBytes=-1 submittedFeatures=-1 needsRepaint=0 placementChanged=1
M10_MAPLIBRE event=frame-start ns=42948399407747 map=0x7f7719cd1c20 thread=0x7f7743fff6c0 seq=0 source= submittedBytes=-1 submittedFeatures=-1 needsRepaint=-1 placementChanged=-1
M10_MAPLIBRE event=frame-partial ns=42948399450717 map=0x7f7719cd1c20 thread=0x7f7743fff6c0 seq=0 source= submittedBytes=-1 submittedFeatures=-1 needsRepaint=1 placementChanged=0
M10_MAPLIBRE event=frame-start ns=42948414495033 map=0x7f7719cd1c20 thread=0x7f7743fff6c0 seq=0 source= submittedBytes=-1 submittedFeatures=-1 needsRepaint=-1 placementChanged=-1
M10_MAPLIBRE event=frame-partial ns=42948414530948 map=0x7f7719cd1c20 thread=0x7f7743fff6c0 seq=0 source= submittedBytes=-1 submittedFeatures=-1 needsRepaint=1 placementChanged=0
M10_MAPLIBRE event=frame-start ns=42948429778605 map=0x7f7719cd1c20 thread=0x7f7743fff6c0 seq=0 source= submittedBytes=-1 submittedFeatures=-1 needsRepaint=-1 placementChanged=-1
M10_MAPLIBRE event=frame-partial ns=42948429859682 map=0x7f7719cd1c20 thread=0x7f7743fff6c0 seq=0 source= submittedBytes=-1 submittedFeatures=-1 needsRepaint=1 placementChanged=0
M10_MAPLIBRE event=frame-start ns=42948441739833 map=0x7f7719cd1c20 thread=0x7f7743fff6c0 seq=0 source= submittedBytes=-1 submittedFeatures=-1 needsRepaint=-1 placementChanged=-1
M10_MAPLIBRE event=frame-partial ns=42948441775357 map=0x7f7719cd1c20 thread=0x7f7743fff6c0 seq=0 source= submittedBytes=-1 submittedFeatures=-1 needsRepaint=1 placementChanged=0
M10_MAPLIBRE event=frame-start ns=42948454293163 map=0x7f7719cd1c20 thread=0x7f7743fff6c0 seq=0 source= submittedBytes=-1 submittedFeatures=-1 needsRepaint=-1 placementChanged=-1
M10_MAPLIBRE event=frame-partial ns=42948454329263 map=0x7f7719cd1c20 thread=0x7f7743fff6c0 seq=0 source= submittedBytes=-1 submittedFeatures=-1 needsRepaint=1 placementChanged=0
M10_MAPLIBRE event=frame-start ns=42948467183240 map=0x7f7719cd1c20 thread=0x7f7743fff6c0 seq=0 source= submittedBytes=-1 submittedFeatures=-1 needsRepaint=-1 placementChanged=-1
M10_MAPLIBRE event=frame-partial ns=42948467215652 map=0x7f7719cd1c20 thread=0x7f7743fff6c0 seq=0 source= submittedBytes=-1 submittedFeatures=-1 needsRepaint=1 placementChanged=0
M10_MAPLIBRE event=frame-start ns=42948481508898 map=0x7f7719cd1c20 thread=0x7f7743fff6c0 seq=0 source= submittedBytes=-1 submittedFeatures=-1 needsRepaint=-1 placementChanged=-1
M10_MAPLIBRE event=frame-partial ns=42948481541261 map=0x7f7719cd1c20 thread=0x7f7743fff6c0 seq=0 source= submittedBytes=-1 submittedFeatures=-1 needsRepaint=1 placementChanged=0
M10_MAPLIBRE event=frame-start ns=42948493117102 map=0x7f7719cd1c20 thread=0x7f7743fff6c0 seq=0 source= submittedBytes=-1 submittedFeatures=-1 needsRepaint=-1 placementChanged=-1
M10_MAPLIBRE event=frame-partial ns=42948493148883 map=0x7f7719cd1c20 thread=0x7f7743fff6c0 seq=0 source= submittedBytes=-1 submittedFeatures=-1 needsRepaint=1 placementChanged=0
M10_MAPLIBRE event=frame-start ns=42948507202232 map=0x7f7719cd1c20 thread=0x7f7743fff6c0 seq=0 source= submittedBytes=-1 submittedFeatures=-1 needsRepaint=-1 placementChanged=-1
M10_MAPLIBRE event=frame-partial ns=42948507233885 map=0x7f7719cd1c20 thread=0x7f7743fff6c0 seq=0 source= submittedBytes=-1 submittedFeatures=-1 needsRepaint=1 placementChanged=0
M10_MAPLIBRE event=frame-start ns=42948520893178 map=0x7f7719cd1c20 thread=0x7f7743fff6c0 seq=0 source= submittedBytes=-1 submittedFeatures=-1 needsRepaint=-1 placementChanged=-1
M10_MAPLIBRE event=frame-partial ns=42948520968148 map=0x7f7719cd1c20 thread=0x7f7743fff6c0 seq=0 source= submittedBytes=-1 submittedFeatures=-1 needsRepaint=1 placementChanged=0
M10_MAPLIBRE event=frame-start ns=42948533213330 map=0x7f7719cd1c20 thread=0x7f7743fff6c0 seq=0 source= submittedBytes=-1 submittedFeatures=-1 needsRepaint=-1 placementChanged=-1
M10_MAPLIBRE event=frame-partial ns=42948533246436 map=0x7f7719cd1c20 thread=0x7f7743fff6c0 seq=0 source= submittedBytes=-1 submittedFeatures=-1 needsRepaint=1 placementChanged=0
M10_MAPLIBRE event=frame-start ns=42948546473920 map=0x7f7719cd1c20 thread=0x7f7743fff6c0 seq=0 source= submittedBytes=-1 submittedFeatures=-1 needsRepaint=-1 placementChanged=-1
M10_MAPLIBRE event=frame-partial ns=42948546506719 map=0x7f7719cd1c20 thread=0x7f7743fff6c0 seq=0 source= submittedBytes=-1 submittedFeatures=-1 needsRepaint=1 placementChanged=0
M10_MAPLIBRE event=frame-start ns=42948558619511 map=0x7f7719cd1c20 thread=0x7f7743fff6c0 seq=0 source= submittedBytes=-1 submittedFeatures=-1 needsRepaint=-1 placementChanged=-1
M10_MAPLIBRE event=frame-partial ns=42948558653345 map=0x7f7719cd1c20 thread=0x7f7743fff6c0 seq=0 source= submittedBytes=-1 submittedFeatures=-1 needsRepaint=1 placementChanged=0
M10_MAPLIBRE event=frame-start ns=42948591079179 map=0x7f7719cd1c20 thread=0x7f7743fff6c0 seq=0 source= submittedBytes=-1 submittedFeatures=-1 needsRepaint=-1 placementChanged=-1
M10_MAPLIBRE event=frame-partial ns=42948591257145 map=0x7f7719cd1c20 thread=0x7f7743fff6c0 seq=0 source= submittedBytes=-1 submittedFeatures=-1 needsRepaint=1 placementChanged=0
M10_MAPLIBRE event=frame-start ns=42948604869692 map=0x7f7719cd1c20 thread=0x7f7743fff6c0 seq=0 source= submittedBytes=-1 submittedFeatures=-1 needsRepaint=-1 placementChanged=-1
M10_MAPLIBRE event=frame-partial ns=42948604942230 map=0x7f7719cd1c20 thread=0x7f7743fff6c0 seq=0 source= submittedBytes=-1 submittedFeatures=-1 needsRepaint=1 placementChanged=0
M10_MAPLIBRE event=frame-start ns=42948619336574 map=0x7f7719cd1c20 thread=0x7f7743fff6c0 seq=0 source= submittedBytes=-1 submittedFeatures=-1 needsRepaint=-1 placementChanged=-1
M10_MAPLIBRE event=frame-partial ns=42948619737347 map=0x7f7719cd1c20 thread=0x7f7743fff6c0 seq=0 source= submittedBytes=-1 submittedFeatures=-1 needsRepaint=1 placementChanged=0
M10_MAPLIBRE event=frame-start ns=42948633543781 map=0x7f7719cd1c20 thread=0x7f7743fff6c0 seq=0 source= submittedBytes=-1 submittedFeatures=-1 needsRepaint=-1 placementChanged=-1
M10_MAPLIBRE event=frame-partial ns=42948633583149 map=0x7f7719cd1c20 thread=0x7f7743fff6c0 seq=0 source= submittedBytes=-1 submittedFeatures=-1 needsRepaint=1 placementChanged=0
M10_MAPLIBRE event=frame-start ns=42948645684237 map=0x7f7719cd1c20 thread=0x7f7743fff6c0 seq=0 source= submittedBytes=-1 submittedFeatures=-1 needsRepaint=-1 placementChanged=-1
M10_MAPLIBRE event=frame-partial ns=42948645717161 map=0x7f7719cd1c20 thread=0x7f7743fff6c0 seq=0 source= submittedBytes=-1 submittedFeatures=-1 needsRepaint=1 placementChanged=0
M10_MAPLIBRE event=frame-start ns=42948669315256 map=0x7f7719cd1c20 thread=0x7f7743fff6c0 seq=0 source= submittedBytes=-1 submittedFeatures=-1 needsRepaint=-1 placementChanged=-1
M10_MAPLIBRE event=frame-partial ns=42948669348063 map=0x7f7719cd1c20 thread=0x7f7743fff6c0 seq=0 source= submittedBytes=-1 submittedFeatures=-1 needsRepaint=1 placementChanged=0
M10_MAPLIBRE event=frame-start ns=42948682416323 map=0x7f7719cd1c20 thread=0x7f7743fff6c0 seq=0 source= submittedBytes=-1 submittedFeatures=-1 needsRepaint=-1 placementChanged=-1
M10_MAPLIBRE event=frame-partial ns=42948682448039 map=0x7f7719cd1c20 thread=0x7f7743fff6c0 seq=0 source= submittedBytes=-1 submittedFeatures=-1 needsRepaint=0 placementChanged=1
M10_MAPLIBRE event=frame-start ns=42948695156388 map=0x7f7719cd1c20 thread=0x7f7743fff6c0 seq=0 source= submittedBytes=-1 submittedFeatures=-1 needsRepaint=-1 placementChanged=-1
M10_MAPLIBRE event=frame-partial ns=42948695211934 map=0x7f7719cd1c20 thread=0x7f7743fff6c0 seq=0 source= submittedBytes=-1 submittedFeatures=-1 needsRepaint=1 placementChanged=0
M10_MAPLIBRE event=frame-start ns=42948966064407 map=0x7f7719cd1c20 thread=0x7f7743fff6c0 seq=0 source= submittedBytes=-1 submittedFeatures=-1 needsRepaint=-1 placementChanged=-1
M10_MAPLIBRE event=frame-partial ns=42948966236427 map=0x7f7719cd1c20 thread=0x7f7743fff6c0 seq=0 source= submittedBytes=-1 submittedFeatures=-1 needsRepaint=1 placementChanged=0
[ ERROR ]  "{unknown}[Style]: Failed to load tile 11/1612/1017=>11 for source onemap: Unsupported image type"
[ ERROR ]  "{unknown}[Style]: Failed to load tile 11/1612/1015=>11 for source onemap: Unsupported image type"
[ ERROR ]  "{unknown}[Style]: Failed to load tile 11/1612/1016=>11 for source onemap: Unsupported image type"
M10_MAPLIBRE event=frame-start ns=42948979395859 map=0x7f7719cd1c20 thread=0x7f7743fff6c0 seq=0 source= submittedBytes=-1 submittedFeatures=-1 needsRepaint=-1 placementChanged=-1
M10_MAPLIBRE event=frame-partial ns=42948979423344 map=0x7f7719cd1c20 thread=0x7f7743fff6c0 seq=0 source= submittedBytes=-1 submittedFeatures=-1 needsRepaint=1 placementChanged=0
M10_MAPLIBRE event=frame-start ns=42948996261824 map=0x7f7719cd1c20 thread=0x7f7743fff6c0 seq=0 source= submittedBytes=-1 submittedFeatures=-1 needsRepaint=-1 placementChanged=-1
M10_MAPLIBRE event=frame-partial ns=42948996297931 map=0x7f7719cd1c20 thread=0x7f7743fff6c0 seq=0 source= submittedBytes=-1 submittedFeatures=-1 needsRepaint=0 placementChanged=1
M10_MAPLIBRE event=frame-start ns=42949016487278 map=0x7f7719cd1c20 thread=0x7f7743fff6c0 seq=0 source= submittedBytes=-1 submittedFeatures=-1 needsRepaint=-1 placementChanged=-1
M10_MAPLIBRE event=frame-partial ns=42949016524720 map=0x7f7719cd1c20 thread=0x7f7743fff6c0 seq=0 source= submittedBytes=-1 submittedFeatures=-1 needsRepaint=1 placementChanged=0
M10_MAPLIBRE event=frame-start ns=42949264230689 map=0x7f7719cd1c20 thread=0x7f7743fff6c0 seq=0 source= submittedBytes=-1 submittedFeatures=-1 needsRepaint=-1 placementChanged=-1
M10_MAPLIBRE event=frame-partial ns=42949264279253 map=0x7f7719cd1c20 thread=0x7f7743fff6c0 seq=0 source= submittedBytes=-1 submittedFeatures=-1 needsRepaint=1 placementChanged=0
M10_MAPLIBRE event=frame-start ns=42949279437019 map=0x7f7719cd1c20 thread=0x7f7743fff6c0 seq=0 source= submittedBytes=-1 submittedFeatures=-1 needsRepaint=-1 placementChanged=-1
M10_MAPLIBRE event=frame-partial ns=42949279500056 map=0x7f7719cd1c20 thread=0x7f7743fff6c0 seq=0 source= submittedBytes=-1 submittedFeatures=-1 needsRepaint=1 placementChanged=0
M10_MAPLIBRE event=frame-start ns=42949295523348 map=0x7f7719cd1c20 thread=0x7f7743fff6c0 seq=0 source= submittedBytes=-1 submittedFeatures=-1 needsRepaint=-1 placementChanged=-1
M10_MAPLIBRE event=frame-partial ns=42949295557497 map=0x7f7719cd1c20 thread=0x7f7743fff6c0 seq=0 source= submittedBytes=-1 submittedFeatures=-1 needsRepaint=0 placementChanged=1
M10_MAPLIBRE event=frame-start ns=42949309847998 map=0x7f7719cd1c20 thread=0x7f7743fff6c0 seq=0 source= submittedBytes=-1 submittedFeatures=-1 needsRepaint=-1 placementChanged=-1
M10_MAPLIBRE event=frame-partial ns=42949309879820 map=0x7f7719cd1c20 thread=0x7f7743fff6c0 seq=0 source= submittedBytes=-1 submittedFeatures=-1 needsRepaint=1 placementChanged=0
M10_MAPLIBRE event=frame-start ns=42949326768522 map=0x7f7719cd1c20 thread=0x7f7743fff6c0 seq=0 source= submittedBytes=-1 submittedFeatures=-1 needsRepaint=-1 placementChanged=-1
M10_MAPLIBRE event=frame-partial ns=42949326799370 map=0x7f7719cd1c20 thread=0x7f7743fff6c0 seq=0 source= submittedBytes=-1 submittedFeatures=-1 needsRepaint=1 placementChanged=0
M10_MAPLIBRE event=frame-start ns=42949342807676 map=0x7f7719cd1c20 thread=0x7f7743fff6c0 seq=0 source= submittedBytes=-1 submittedFeatures=-1 needsRepaint=-1 placementChanged=-1
M10_MAPLIBRE event=frame-partial ns=42949342838923 map=0x7f7719cd1c20 thread=0x7f7743fff6c0 seq=0 source= submittedBytes=-1 submittedFeatures=-1 needsRepaint=1 placementChanged=0
M10_MAPLIBRE event=frame-start ns=42949359980387 map=0x7f7719cd1c20 thread=0x7f7743fff6c0 seq=0 source= submittedBytes=-1 submittedFeatures=-1 needsRepaint=-1 placementChanged=-1
M10_MAPLIBRE event=frame-partial ns=42949360121186 map=0x7f7719cd1c20 thread=0x7f7743fff6c0 seq=0 source= submittedBytes=-1 submittedFeatures=-1 needsRepaint=1 placementChanged=0
M10_MAPLIBRE event=frame-start ns=42949373489702 map=0x7f7719cd1c20 thread=0x7f7743fff6c0 seq=0 source= submittedBytes=-1 submittedFeatures=-1 needsRepaint=-1 placementChanged=-1
M10_MAPLIBRE event=frame-partial ns=42949373522136 map=0x7f7719cd1c20 thread=0x7f7743fff6c0 seq=0 source= submittedBytes=-1 submittedFeatures=-1 needsRepaint=1 placementChanged=0
M10_MAPLIBRE event=frame-start ns=42949396438205 map=0x7f7719cd1c20 thread=0x7f7743fff6c0 seq=0 source= submittedBytes=-1 submittedFeatures=-1 needsRepaint=-1 placementChanged=-1
M10_MAPLIBRE event=frame-full ns=42949396469952 map=0x7f7719cd1c20 thread=0x7f7743fff6c0 seq=0 source= submittedBytes=-1 submittedFeatures=-1 needsRepaint=1 placementChanged=0
M10_MAPLIBRE event=map-loaded ns=42949396481712 map=0x7f7719cd1c20 thread=0x7f7743fff6c0 seq=0 source= submittedBytes=-1 submittedFeatures=-1 needsRepaint=-1 placementChanged=-1
M10_MAPLIBRE event=frame-start ns=42949410635800 map=0x7f7719cd1c20 thread=0x7f7743fff6c0 seq=0 source= submittedBytes=-1 submittedFeatures=-1 needsRepaint=-1 placementChanged=-1
M10_MAPLIBRE event=frame-full ns=42949410667908 map=0x7f7719cd1c20 thread=0x7f7743fff6c0 seq=0 source= submittedBytes=-1 submittedFeatures=-1 needsRepaint=1 placementChanged=0
M10_MAPLIBRE event=frame-start ns=42949424705508 map=0x7f7719cd1c20 thread=0x7f7743fff6c0 seq=0 source= submittedBytes=-1 submittedFeatures=-1 needsRepaint=-1 placementChanged=-1
M10_MAPLIBRE event=frame-full ns=42949424737103 map=0x7f7719cd1c20 thread=0x7f7743fff6c0 seq=0 source= submittedBytes=-1 submittedFeatures=-1 needsRepaint=1 placementChanged=0
M10_MAPLIBRE event=frame-start ns=42949444581055 map=0x7f7719cd1c20 thread=0x7f7743fff6c0 seq=0 source= submittedBytes=-1 submittedFeatures=-1 needsRepaint=-1 placementChanged=-1
M10_MAPLIBRE event=frame-full ns=42949444651021 map=0x7f7719cd1c20 thread=0x7f7743fff6c0 seq=0 source= submittedBytes=-1 submittedFeatures=-1 needsRepaint=1 placementChanged=0
M10_MAPLIBRE event=frame-start ns=42949459645936 map=0x7f7719cd1c20 thread=0x7f7743fff6c0 seq=0 source= submittedBytes=-1 submittedFeatures=-1 needsRepaint=-1 placementChanged=-1
M10_MAPLIBRE event=frame-full ns=42949459717624 map=0x7f7719cd1c20 thread=0x7f7743fff6c0 seq=0 source= submittedBytes=-1 submittedFeatures=-1 needsRepaint=1 placementChanged=0
M10_MAPLIBRE event=frame-start ns=42949476476645 map=0x7f7719cd1c20 thread=0x7f7743fff6c0 seq=0 source= submittedBytes=-1 submittedFeatures=-1 needsRepaint=-1 placementChanged=-1
M10_MAPLIBRE event=frame-full ns=42949476551055 map=0x7f7719cd1c20 thread=0x7f7743fff6c0 seq=0 source= submittedBytes=-1 submittedFeatures=-1 needsRepaint=1 placementChanged=0
M10_MAPLIBRE event=frame-start ns=42949490098081 map=0x7f7719cd1c20 thread=0x7f7743fff6c0 seq=0 source= submittedBytes=-1 submittedFeatures=-1 needsRepaint=-1 placementChanged=-1
M10_MAPLIBRE event=frame-full ns=42949490128354 map=0x7f7719cd1c20 thread=0x7f7743fff6c0 seq=0 source= submittedBytes=-1 submittedFeatures=-1 needsRepaint=1 placementChanged=0
M10_MAPLIBRE event=frame-start ns=42949504693866 map=0x7f7719cd1c20 thread=0x7f7743fff6c0 seq=0 source= submittedBytes=-1 submittedFeatures=-1 needsRepaint=-1 placementChanged=-1
M10_MAPLIBRE event=frame-full ns=42949504723553 map=0x7f7719cd1c20 thread=0x7f7743fff6c0 seq=0 source= submittedBytes=-1 submittedFeatures=-1 needsRepaint=1 placementChanged=0
M10_MAPLIBRE event=frame-start ns=42949518196189 map=0x7f7719cd1c20 thread=0x7f7743fff6c0 seq=0 source= submittedBytes=-1 submittedFeatures=-1 needsRepaint=-1 placementChanged=-1
M10_MAPLIBRE event=frame-full ns=42949518226525 map=0x7f7719cd1c20 thread=0x7f7743fff6c0 seq=0 source= submittedBytes=-1 submittedFeatures=-1 needsRepaint=1 placementChanged=0
M10_MAPLIBRE event=frame-start ns=42949537128273 map=0x7f7719cd1c20 thread=0x7f7743fff6c0 seq=0 source= submittedBytes=-1 submittedFeatures=-1 needsRepaint=-1 placementChanged=-1
M10_MAPLIBRE event=frame-full ns=42949537159281 map=0x7f7719cd1c20 thread=0x7f7743fff6c0 seq=0 source= submittedBytes=-1 submittedFeatures=-1 needsRepaint=1 placementChanged=0
M10_MAPLIBRE event=frame-start ns=42949550956579 map=0x7f7719cd1c20 thread=0x7f7743fff6c0 seq=0 source= submittedBytes=-1 submittedFeatures=-1 needsRepaint=-1 placementChanged=-1
M10_MAPLIBRE event=frame-full ns=42949550988544 map=0x7f7719cd1c20 thread=0x7f7743fff6c0 seq=0 source= submittedBytes=-1 submittedFeatures=-1 needsRepaint=1 placementChanged=0
M10_MAPLIBRE event=frame-start ns=42949564878405 map=0x7f7719cd1c20 thread=0x7f7743fff6c0 seq=0 source= submittedBytes=-1 submittedFeatures=-1 needsRepaint=-1 placementChanged=-1
M10_MAPLIBRE event=frame-full ns=42949564909258 map=0x7f7719cd1c20 thread=0x7f7743fff6c0 seq=0 source= submittedBytes=-1 submittedFeatures=-1 needsRepaint=1 placementChanged=0
M10_MAPLIBRE event=frame-start ns=42949577788392 map=0x7f7719cd1c20 thread=0x7f7743fff6c0 seq=0 source= submittedBytes=-1 submittedFeatures=-1 needsRepaint=-1 placementChanged=-1
M10_MAPLIBRE event=frame-full ns=42949577819618 map=0x7f7719cd1c20 thread=0x7f7743fff6c0 seq=0 source= submittedBytes=-1 submittedFeatures=-1 needsRepaint=1 placementChanged=0
M10_MAPLIBRE event=frame-start ns=42949591596693 map=0x7f7719cd1c20 thread=0x7f7743fff6c0 seq=0 source= submittedBytes=-1 submittedFeatures=-1 needsRepaint=-1 placementChanged=-1
M10_MAPLIBRE event=frame-full ns=42949591627296 map=0x7f7719cd1c20 thread=0x7f7743fff6c0 seq=0 source= submittedBytes=-1 submittedFeatures=-1 needsRepaint=1 placementChanged=0
M10_MAPLIBRE event=frame-start ns=42949606183260 map=0x7f7719cd1c20 thread=0x7f7743fff6c0 seq=0 source= submittedBytes=-1 submittedFeatures=-1 needsRepaint=-1 placementChanged=-1
M10_MAPLIBRE event=frame-full ns=42949606215835 map=0x7f7719cd1c20 thread=0x7f7743fff6c0 seq=0 source= submittedBytes=-1 submittedFeatures=-1 needsRepaint=0 placementChanged=1
M10_MAPLIBRE event=frame-start ns=42949621740882 map=0x7f7719cd1c20 thread=0x7f7743fff6c0 seq=0 source= submittedBytes=-1 submittedFeatures=-1 needsRepaint=-1 placementChanged=-1
M10_MAPLIBRE event=frame-full ns=42949621820655 map=0x7f7719cd1c20 thread=0x7f7743fff6c0 seq=0 source= submittedBytes=-1 submittedFeatures=-1 needsRepaint=1 placementChanged=0
M10_MAPLIBRE event=frame-start ns=42949660763713 map=0x7f7719cd1c20 thread=0x7f7743fff6c0 seq=0 source= submittedBytes=-1 submittedFeatures=-1 needsRepaint=-1 placementChanged=-1
M10_MAPLIBRE event=frame-full ns=42949660797427 map=0x7f7719cd1c20 thread=0x7f7743fff6c0 seq=0 source= submittedBytes=-1 submittedFeatures=-1 needsRepaint=1 placementChanged=0
M10_MAPLIBRE event=frame-start ns=42949674893348 map=0x7f7719cd1c20 thread=0x7f7743fff6c0 seq=0 source= submittedBytes=-1 submittedFeatures=-1 needsRepaint=-1 placementChanged=-1
M10_MAPLIBRE event=frame-full ns=42949674968691 map=0x7f7719cd1c20 thread=0x7f7743fff6c0 seq=0 source= submittedBytes=-1 submittedFeatures=-1 needsRepaint=1 placementChanged=0
M10_MAPLIBRE event=frame-start ns=42949688803303 map=0x7f7719cd1c20 thread=0x7f7743fff6c0 seq=0 source= submittedBytes=-1 submittedFeatures=-1 needsRepaint=-1 placementChanged=-1
M10_MAPLIBRE event=frame-full ns=42949688837486 map=0x7f7719cd1c20 thread=0x7f7743fff6c0 seq=0 source= submittedBytes=-1 submittedFeatures=-1 needsRepaint=1 placementChanged=0
M10_MAPLIBRE event=frame-start ns=42949703605700 map=0x7f7719cd1c20 thread=0x7f7743fff6c0 seq=0 source= submittedBytes=-1 submittedFeatures=-1 needsRepaint=-1 placementChanged=-1
M10_MAPLIBRE event=frame-full ns=42949703647443 map=0x7f7719cd1c20 thread=0x7f7743fff6c0 seq=0 source= submittedBytes=-1 submittedFeatures=-1 needsRepaint=1 placementChanged=0
M10_MAPLIBRE event=frame-start ns=42949721437578 map=0x7f7719cd1c20 thread=0x7f7743fff6c0 seq=0 source= submittedBytes=-1 submittedFeatures=-1 needsRepaint=-1 placementChanged=-1
M10_MAPLIBRE event=frame-full ns=42949721470689 map=0x7f7719cd1c20 thread=0x7f7743fff6c0 seq=0 source= submittedBytes=-1 submittedFeatures=-1 needsRepaint=1 placementChanged=0
M10_MAPLIBRE event=frame-start ns=42949748904742 map=0x7f7719cd1c20 thread=0x7f7743fff6c0 seq=0 source= submittedBytes=-1 submittedFeatures=-1 needsRepaint=-1 placementChanged=-1
M10_MAPLIBRE event=frame-full ns=42949748940769 map=0x7f7719cd1c20 thread=0x7f7743fff6c0 seq=0 source= submittedBytes=-1 submittedFeatures=-1 needsRepaint=1 placementChanged=0
M10_MAPLIBRE event=frame-start ns=42949854233501 map=0x7f7719cd1c20 thread=0x7f7743fff6c0 seq=0 source= submittedBytes=-1 submittedFeatures=-1 needsRepaint=-1 placementChanged=-1
M10_MAPLIBRE event=frame-full ns=42949854284258 map=0x7f7719cd1c20 thread=0x7f7743fff6c0 seq=0 source= submittedBytes=-1 submittedFeatures=-1 needsRepaint=1 placementChanged=0
M10_MAPLIBRE event=frame-start ns=42949886945114 map=0x7f7719cd1c20 thread=0x7f7743fff6c0 seq=0 source= submittedBytes=-1 submittedFeatures=-1 needsRepaint=-1 placementChanged=-1
M10_MAPLIBRE event=frame-full ns=42949886995655 map=0x7f7719cd1c20 thread=0x7f7743fff6c0 seq=0 source= submittedBytes=-1 submittedFeatures=-1 needsRepaint=1 placementChanged=0
M10_MAPLIBRE event=frame-start ns=42949915117818 map=0x7f7719cd1c20 thread=0x7f7743fff6c0 seq=0 source= submittedBytes=-1 submittedFeatures=-1 needsRepaint=-1 placementChanged=-1
M10_MAPLIBRE event=frame-full ns=42949915161248 map=0x7f7719cd1c20 thread=0x7f7743fff6c0 seq=0 source= submittedBytes=-1 submittedFeatures=-1 needsRepaint=1 placementChanged=0
M10_MAPLIBRE event=frame-start ns=42949972928794 map=0x7f7719cd1c20 thread=0x7f7743fff6c0 seq=0 source= submittedBytes=-1 submittedFeatures=-1 needsRepaint=-1 placementChanged=-1
M10_MAPLIBRE event=frame-full ns=42949972978526 map=0x7f7719cd1c20 thread=0x7f7743fff6c0 seq=0 source= submittedBytes=-1 submittedFeatures=-1 needsRepaint=0 placementChanged=1
M10_MAPLIBRE event=frame-start ns=42950002893780 map=0x7f7719cd1c20 thread=0x7f7743fff6c0 seq=0 source= submittedBytes=-1 submittedFeatures=-1 needsRepaint=-1 placementChanged=-1
M10_MAPLIBRE event=frame-full ns=42950002940557 map=0x7f7719cd1c20 thread=0x7f7743fff6c0 seq=0 source= submittedBytes=-1 submittedFeatures=-1 needsRepaint=1 placementChanged=0
M10_MAPLIBRE event=frame-start ns=42975175117704 map=0x7f7719cd1c20 thread=0x7f7743fff6c0 seq=0 source= submittedBytes=-1 submittedFeatures=-1 needsRepaint=-1 placementChanged=-1
M10_MAPLIBRE event=frame-partial ns=42975175186281 map=0x7f7719cd1c20 thread=0x7f7743fff6c0 seq=0 source= submittedBytes=-1 submittedFeatures=-1 needsRepaint=1 placementChanged=1
M10_MAPLIBRE event=frame-start ns=42975190367575 map=0x7f7719cd1c20 thread=0x7f7743fff6c0 seq=0 source= submittedBytes=-1 submittedFeatures=-1 needsRepaint=-1 placementChanged=-1
M10_MAPLIBRE event=frame-partial ns=42975190405417 map=0x7f7719cd1c20 thread=0x7f7743fff6c0 seq=0 source= submittedBytes=-1 submittedFeatures=-1 needsRepaint=1 placementChanged=0
M10_MAPLIBRE event=frame-start ns=42975207059269 map=0x7f7719cd1c20 thread=0x7f7743fff6c0 seq=0 source= submittedBytes=-1 submittedFeatures=-1 needsRepaint=-1 placementChanged=-1
M10_MAPLIBRE event=frame-full ns=42975207096706 map=0x7f7719cd1c20 thread=0x7f7743fff6c0 seq=0 source= submittedBytes=-1 submittedFeatures=-1 needsRepaint=1 placementChanged=0
M10_MAPLIBRE event=frame-start ns=42975221909272 map=0x7f7719cd1c20 thread=0x7f7743fff6c0 seq=0 source= submittedBytes=-1 submittedFeatures=-1 needsRepaint=-1 placementChanged=-1
M10_MAPLIBRE event=frame-full ns=42975221942763 map=0x7f7719cd1c20 thread=0x7f7743fff6c0 seq=0 source= submittedBytes=-1 submittedFeatures=-1 needsRepaint=1 placementChanged=0
M10_MAPLIBRE event=frame-start ns=42975239141283 map=0x7f7719cd1c20 thread=0x7f7743fff6c0 seq=0 source= submittedBytes=-1 submittedFeatures=-1 needsRepaint=-1 placementChanged=-1
M10_MAPLIBRE event=frame-full ns=42975239203697 map=0x7f7719cd1c20 thread=0x7f7743fff6c0 seq=0 source= submittedBytes=-1 submittedFeatures=-1 needsRepaint=1 placementChanged=0
M10_MAPLIBRE event=frame-start ns=42975256299898 map=0x7f7719cd1c20 thread=0x7f7743fff6c0 seq=0 source= submittedBytes=-1 submittedFeatures=-1 needsRepaint=-1 placementChanged=-1
M10_MAPLIBRE event=frame-full ns=42975256413770 map=0x7f7719cd1c20 thread=0x7f7743fff6c0 seq=0 source= submittedBytes=-1 submittedFeatures=-1 needsRepaint=1 placementChanged=0
M10_MAPLIBRE event=frame-start ns=42975275598849 map=0x7f7719cd1c20 thread=0x7f7743fff6c0 seq=0 source= submittedBytes=-1 submittedFeatures=-1 needsRepaint=-1 placementChanged=-1
M10_MAPLIBRE event=frame-full ns=42975275633567 map=0x7f7719cd1c20 thread=0x7f7743fff6c0 seq=0 source= submittedBytes=-1 submittedFeatures=-1 needsRepaint=1 placementChanged=0
M10_MAPLIBRE event=frame-start ns=42975289911368 map=0x7f7719cd1c20 thread=0x7f7743fff6c0 seq=0 source= submittedBytes=-1 submittedFeatures=-1 needsRepaint=-1 placementChanged=-1
M10_MAPLIBRE event=frame-full ns=42975289943812 map=0x7f7719cd1c20 thread=0x7f7743fff6c0 seq=0 source= submittedBytes=-1 submittedFeatures=-1 needsRepaint=1 placementChanged=0
M10_MAPLIBRE event=frame-start ns=42975305921566 map=0x7f7719cd1c20 thread=0x7f7743fff6c0 seq=0 source= submittedBytes=-1 submittedFeatures=-1 needsRepaint=-1 placementChanged=-1
M10_MAPLIBRE event=frame-full ns=42975305953660 map=0x7f7719cd1c20 thread=0x7f7743fff6c0 seq=0 source= submittedBytes=-1 submittedFeatures=-1 needsRepaint=1 placementChanged=0
M10_MAPLIBRE event=frame-start ns=42975325721027 map=0x7f7719cd1c20 thread=0x7f7743fff6c0 seq=0 source= submittedBytes=-1 submittedFeatures=-1 needsRepaint=-1 placementChanged=-1
M10_MAPLIBRE event=frame-full ns=42975325753959 map=0x7f7719cd1c20 thread=0x7f7743fff6c0 seq=0 source= submittedBytes=-1 submittedFeatures=-1 needsRepaint=1 placementChanged=0
M10_MAPLIBRE event=frame-start ns=42975342132392 map=0x7f7719cd1c20 thread=0x7f7743fff6c0 seq=0 source= submittedBytes=-1 submittedFeatures=-1 needsRepaint=-1 placementChanged=-1
M10_MAPLIBRE event=frame-full ns=42975342247092 map=0x7f7719cd1c20 thread=0x7f7743fff6c0 seq=0 source= submittedBytes=-1 submittedFeatures=-1 needsRepaint=1 placementChanged=0
M10_MAPLIBRE event=frame-start ns=42975357245225 map=0x7f7719cd1c20 thread=0x7f7743fff6c0 seq=0 source= submittedBytes=-1 submittedFeatures=-1 needsRepaint=-1 placementChanged=-1
M10_MAPLIBRE event=frame-full ns=42975357288172 map=0x7f7719cd1c20 thread=0x7f7743fff6c0 seq=0 source= submittedBytes=-1 submittedFeatures=-1 needsRepaint=1 placementChanged=0
M10_MAPLIBRE event=frame-start ns=42975375240469 map=0x7f7719cd1c20 thread=0x7f7743fff6c0 seq=0 source= submittedBytes=-1 submittedFeatures=-1 needsRepaint=-1 placementChanged=-1
M10_MAPLIBRE event=frame-full ns=42975375277005 map=0x7f7719cd1c20 thread=0x7f7743fff6c0 seq=0 source= submittedBytes=-1 submittedFeatures=-1 needsRepaint=1 placementChanged=0
M10_MAPLIBRE event=frame-start ns=42975389945335 map=0x7f7719cd1c20 thread=0x7f7743fff6c0 seq=0 source= submittedBytes=-1 submittedFeatures=-1 needsRepaint=-1 placementChanged=-1
M10_MAPLIBRE event=frame-full ns=42975390149414 map=0x7f7719cd1c20 thread=0x7f7743fff6c0 seq=0 source= submittedBytes=-1 submittedFeatures=-1 needsRepaint=1 placementChanged=0
M10_MAPLIBRE event=frame-start ns=42975404906510 map=0x7f7719cd1c20 thread=0x7f7743fff6c0 seq=0 source= submittedBytes=-1 submittedFeatures=-1 needsRepaint=-1 placementChanged=-1
M10_MAPLIBRE event=frame-full ns=42975404977889 map=0x7f7719cd1c20 thread=0x7f7743fff6c0 seq=0 source= submittedBytes=-1 submittedFeatures=-1 needsRepaint=1 placementChanged=0
M10_MAPLIBRE event=frame-start ns=42975420118226 map=0x7f7719cd1c20 thread=0x7f7743fff6c0 seq=0 source= submittedBytes=-1 submittedFeatures=-1 needsRepaint=-1 placementChanged=-1
M10_MAPLIBRE event=frame-full ns=42975420315137 map=0x7f7719cd1c20 thread=0x7f7743fff6c0 seq=0 source= submittedBytes=-1 submittedFeatures=-1 needsRepaint=1 placementChanged=0
M10_MAPLIBRE event=frame-start ns=42975439698775 map=0x7f7719cd1c20 thread=0x7f7743fff6c0 seq=0 source= submittedBytes=-1 submittedFeatures=-1 needsRepaint=-1 placementChanged=-1
M10_MAPLIBRE event=frame-full ns=42975439731542 map=0x7f7719cd1c20 thread=0x7f7743fff6c0 seq=0 source= submittedBytes=-1 submittedFeatures=-1 needsRepaint=1 placementChanged=0
M10_MAPLIBRE event=frame-start ns=42975453985691 map=0x7f7719cd1c20 thread=0x7f7743fff6c0 seq=0 source= submittedBytes=-1 submittedFeatures=-1 needsRepaint=-1 placementChanged=-1
M10_MAPLIBRE event=frame-full ns=42975454018781 map=0x7f7719cd1c20 thread=0x7f7743fff6c0 seq=0 source= submittedBytes=-1 submittedFeatures=-1 needsRepaint=1 placementChanged=0
M10_MAPLIBRE event=frame-start ns=42975468442562 map=0x7f7719cd1c20 thread=0x7f7743fff6c0 seq=0 source= submittedBytes=-1 submittedFeatures=-1 needsRepaint=-1 placementChanged=-1
M10_MAPLIBRE event=frame-full ns=42975468475468 map=0x7f7719cd1c20 thread=0x7f7743fff6c0 seq=0 source= submittedBytes=-1 submittedFeatures=-1 needsRepaint=1 placementChanged=0
M10_MAPLIBRE event=frame-start ns=42975482676439 map=0x7f7719cd1c20 thread=0x7f7743fff6c0 seq=0 source= submittedBytes=-1 submittedFeatures=-1 needsRepaint=-1 placementChanged=-1
M10_MAPLIBRE event=frame-full ns=42975482709311 map=0x7f7719cd1c20 thread=0x7f7743fff6c0 seq=0 source= submittedBytes=-1 submittedFeatures=-1 needsRepaint=0 placementChanged=1
M10_MAPLIBRE event=frame-start ns=42975505304561 map=0x7f7719cd1c20 thread=0x7f7743fff6c0 seq=0 source= submittedBytes=-1 submittedFeatures=-1 needsRepaint=-1 placementChanged=-1
M10_MAPLIBRE event=frame-full ns=42975505338638 map=0x7f7719cd1c20 thread=0x7f7743fff6c0 seq=0 source= submittedBytes=-1 submittedFeatures=-1 needsRepaint=1 placementChanged=0
